MPLINK 4.40, Linker
Linker Map File - Created Wed Oct 16 21:32:51 2013

                                 Section Info
                  Section       Type    Address   Location Size(Bytes)
                ---------  ---------  ---------  ---------  ---------
               _entry_scn       code   0x000000    program   0x000006
           .code___init.o       code   0x000006    program   0x000002
              high_vector       code   0x000008    program   0x000006
                   .cinit    romdata   0x00000e    program   0x000032
       .code_multipoint.o       code   0x000040    program   0x0005e6
           .code_serlcd.o       code   0x000626    program   0x00038a
          .code_nRF2401.o       code   0x0009b0    program   0x00036e
               _cinit_scn       code   0x000d1e    program   0x00009e
                     PROG       code   0x000dbc    program   0x000096
             .stringtable    romdata   0x000e52    program   0x000058
             D10KTCYXCODE       code   0x000eaa    program   0x00002e
         .code_fxd1616u.o       code   0x000ed8    program   0x00002c
                    .code       code   0x000f04    program   0x000020
             _startup_scn       code   0x000f24    program   0x00001c
         .code_fxd0808u.o       code   0x000f40    program   0x00001c
              D10TCYXCODE       code   0x000f5c    program   0x000016
            large_idata_i    romdata   0x000f72    program   0x000177
    .romdata_multipoint.o    romdata   0x0010e9    program   0x000000
         .romdata_c018i.o    romdata   0x0010e9    program   0x000000
        .romdata___init.o    romdata   0x0010e9    program   0x000000
       .romdata_nRF2401.o    romdata   0x0010e9    program   0x000000
        .romdata_serlcd.o    romdata   0x0010e9    program   0x000000
        .idata_serlcd.o_i    romdata   0x0010e9    program   0x000001
      .romdata_fxd1616u.o    romdata   0x0010e9    program   0x000000
      .romdata_fxd0808u.o    romdata   0x0010e9    program   0x000000
       .idata_nRF2401.o_i    romdata   0x0010ea    program   0x000005
    .idata_multipoint.o_i    romdata   0x0010ef    program   0x000003
      .idata_fxd0808u.o_i    romdata   0x0010f2    program   0x000000
      .idata_fxd1616u.o_i    romdata   0x0010f2    program   0x000000
        .idata___init.o_i    romdata   0x0010f2    program   0x000000
            .code_c018i.o       code   0x0010f2    program   0x000000
         .idata_c018i.o_i    romdata   0x0010f2    program   0x000000
.config_300000_multipoint.o    romdata   0x300000    program   0x000001
.config_300001_multipoint.o    romdata   0x300001    program   0x000001
.config_300002_multipoint.o    romdata   0x300002    program   0x000001
.config_300003_multipoint.o    romdata   0x300003    program   0x000001
.config_300005_multipoint.o    romdata   0x300005    program   0x000001
.config_300006_multipoint.o    romdata   0x300006    program   0x000001
.config_300008_multipoint.o    romdata   0x300008    program   0x000001
.config_300009_multipoint.o    romdata   0x300009    program   0x000001
.config_30000a_multipoint.o    romdata   0x30000a    program   0x000001
.config_30000b_multipoint.o    romdata   0x30000b    program   0x000001
.config_30000c_multipoint.o    romdata   0x30000c    program   0x000001
.config_30000d_multipoint.o    romdata   0x30000d    program   0x000001
                MATH_DATA      udata   0x000000       data   0x000014
                 .tmpdata      udata   0x000014       data   0x000004
                DELAYDAT2      udata   0x000018       data   0x000001
                DELAYDAT1      udata   0x000019       data   0x000001
      .udata_multipoint.o      udata   0x000060       data   0x000042
              large_idata      idata   0x000100       data   0x000177
                   .stack      udata   0x000d00       data   0x000100
           .udata_c018i.o      udata   0x000e00       data   0x00000a
         .idata_nRF2401.o      idata   0x000e0a       data   0x000005
      .idata_multipoint.o      idata   0x000e0f       data   0x000003
          .idata_serlcd.o      idata   0x000e12       data   0x000001
          .udata_serlcd.o      udata   0x000e13       data   0x000000
         .udata_nRF2401.o      udata   0x000e13       data   0x000000
           .idata_c018i.o      idata   0x000e13       data   0x000000
        .udata_fxd0808u.o      udata   0x000e13       data   0x000000
        .idata_fxd0808u.o      idata   0x000e13       data   0x000000
        .udata_fxd1616u.o      udata   0x000e13       data   0x000000
        .idata_fxd1616u.o      idata   0x000e13       data   0x000000
          .udata___init.o      udata   0x000e13       data   0x000000
          .idata___init.o      idata   0x000e13       data   0x000000
              SFR_BANKED0      udata   0x000e41       data   0x0000bf
              SFR_BANKED1      udata   0x000f00       data   0x000040
              SFR_BANKED2      udata   0x000f47       data   0x000019
            SFR_UNBANKED0      udata   0x000f60       data   0x0000a0



                              Program Memory Usage 
                               Start         End      
                           ---------   ---------      
                            0x000000    0x0010f1      
                            0x300000    0x300003      
                            0x300005    0x300006      
                            0x300008    0x30000d      
            4350 out of 33816 program addresses used, program memory utilization is 12%



                              Symbols - Sorted by Name
                     Name    Address   Location    Storage File                     
                ---------  ---------  ---------  --------- ---------                
                   D10K_1   0x000eb6    program     static C:\MCC18\v3_39\src\traditional\delays\d10ktcyx.asm
                    D10Kl   0x000ec2    program     static C:\MCC18\v3_39\src\traditional\delays\d10ktcyx.asm
                    D10Kx   0x000eb4    program     static C:\MCC18\v3_39\src\traditional\delays\d10ktcyx.asm
                    D10_1   0x000f6c    program     static C:\MCC18\v3_39\src\traditional\delays\d10tcyx.asm
                     D10x   0x000f64    program     static C:\MCC18\v3_39\src\traditional\delays\d10tcyx.asm
             Delay10KTCYx   0x000eaa    program     extern C:\MCC18\v3_39\src\traditional\delays\d10ktcyx.asm
              Delay10TCYx   0x000f5c    program     extern C:\MCC18\v3_39\src\traditional\delays\d10tcyx.asm
                 FXD0808U   0x000f40    program     extern C:\MCC18\v3_39\src\traditional\math\fxd0808u.c
                 FXD1616U   0x000ed8    program     extern C:\MCC18\v3_39\src\traditional\math\fxd1616u.c
                 FXM1616S   0x000dbc    program     extern C:\MCC18\v3_39\src\traditional\math\fxm1616s.asm
                 FXM1616U   0x000e16    program     extern C:\MCC18\v3_39\src\traditional\math\fxm1616u.asm
                 HIGH_ISR   0x0003d4    program     extern /Users/julian/Documents/Programming/tinkering/tinkering_github/pic18f25k80.X/multipoint.c
       INT_AT_HIGH_VECTOR   0x000008    program     extern /Users/julian/Documents/Programming/tinkering/tinkering_github/pic18f25k80.X/multipoint.c
               TSIGN1616A   0x000e08    program     static C:\MCC18\v3_39\src\traditional\math\fxm1616s.asm
       _D10KTCYXCODE_0010   0x000eba    program     static C:\MCC18\v3_39\src\traditional\delays\d10ktcyx.asm
       _D10KTCYXCODE_001C   0x000ec6    program     static C:\MCC18\v3_39\src\traditional\delays\d10ktcyx.asm
        _D10TCYXCODE_000A   0x000f66    program     static C:\MCC18\v3_39\src\traditional\delays\d10tcyx.asm
        _D10TCYXCODE_000C   0x000f68    program     static C:\MCC18\v3_39\src\traditional\delays\d10tcyx.asm
        _D10TCYXCODE_000E   0x000f6a    program     static C:\MCC18\v3_39\src\traditional\delays\d10tcyx.asm
       ___return_lbl00000   0x000f5a    program     static                          
       ___return_lbl00000   0x000f02    program     static                          
       ___return_lbl00000   0x000004    program     static                          
       ___return_lbl00001   0x000f3e    program     static                          
       ___return_lbl00002   0x000dba    program     static                          
       ___return_lbl00006   0x0006a8    program     static                          
       ___return_lbl00049   0x00000c    program     static                          
       ___return_lbl00053   0x0004fc    program     static                          
        ___while_lbl00007   0x00069a    program     static                          
        ___while_lbl00008   0x0006a2    program     static                          
               __config_0   0x300000    program     static /Users/julian/Documents/Programming/tinkering/tinkering_github/pic18f25k80.X/multipoint.c
               __config_1   0x300001    program     static /Users/julian/Documents/Programming/tinkering/tinkering_github/pic18f25k80.X/multipoint.c
              __config_10   0x30000c    program     static /Users/julian/Documents/Programming/tinkering/tinkering_github/pic18f25k80.X/multipoint.c
              __config_11   0x30000d    program     static /Users/julian/Documents/Programming/tinkering/tinkering_github/pic18f25k80.X/multipoint.c
               __config_2   0x300002    program     static /Users/julian/Documents/Programming/tinkering/tinkering_github/pic18f25k80.X/multipoint.c
               __config_3   0x300003    program     static /Users/julian/Documents/Programming/tinkering/tinkering_github/pic18f25k80.X/multipoint.c
               __config_4   0x300005    program     static /Users/julian/Documents/Programming/tinkering/tinkering_github/pic18f25k80.X/multipoint.c
               __config_5   0x300006    program     static /Users/julian/Documents/Programming/tinkering/tinkering_github/pic18f25k80.X/multipoint.c
               __config_6   0x300008    program     static /Users/julian/Documents/Programming/tinkering/tinkering_github/pic18f25k80.X/multipoint.c
               __config_7   0x300009    program     static /Users/julian/Documents/Programming/tinkering/tinkering_github/pic18f25k80.X/multipoint.c
               __config_8   0x30000a    program     static /Users/julian/Documents/Programming/tinkering/tinkering_github/pic18f25k80.X/multipoint.c
               __config_9   0x30000b    program     static /Users/julian/Documents/Programming/tinkering/tinkering_github/pic18f25k80.X/multipoint.c
                   __init   0x000006    program     extern C:\MCC18\v3_39\src\traditional\stdclib\__init.c
                   __pa_0   0x00092c    program     static /Users/julian/Documents/Programming/tinkering/tinkering_github/pic18f25k80.X/serlcd.c
                   __pa_0   0x000c2e    program     static /Users/julian/Documents/Programming/tinkering/nRF_PIC18F25k80/nRF2401.c
                   __pa_0   0x000506    program     static /Users/julian/Documents/Programming/tinkering/tinkering_github/pic18f25k80.X/multipoint.c
                   __pa_1   0x000c38    program     static /Users/julian/Documents/Programming/tinkering/nRF_PIC18F25k80/nRF2401.c
                   __pa_1   0x000514    program     static /Users/julian/Documents/Programming/tinkering/tinkering_github/pic18f25k80.X/multipoint.c
                   __pa_1   0x000930    program     static /Users/julian/Documents/Programming/tinkering/tinkering_github/pic18f25k80.X/serlcd.c
                  __pa_10   0x000592    program     static /Users/julian/Documents/Programming/tinkering/tinkering_github/pic18f25k80.X/multipoint.c
                  __pa_10   0x000cc0    program     static /Users/julian/Documents/Programming/tinkering/nRF_PIC18F25k80/nRF2401.c
                  __pa_10   0x00099c    program     static /Users/julian/Documents/Programming/tinkering/tinkering_github/pic18f25k80.X/serlcd.c
                  __pa_11   0x000cd0    program     static /Users/julian/Documents/Programming/tinkering/nRF_PIC18F25k80/nRF2401.c
                  __pa_11   0x0009a4    program     static /Users/julian/Documents/Programming/tinkering/tinkering_github/pic18f25k80.X/serlcd.c
                  __pa_11   0x00059c    program     static /Users/julian/Documents/Programming/tinkering/tinkering_github/pic18f25k80.X/multipoint.c
                  __pa_12   0x000cde    program     static /Users/julian/Documents/Programming/tinkering/nRF_PIC18F25k80/nRF2401.c
                  __pa_12   0x0005aa    program     static /Users/julian/Documents/Programming/tinkering/tinkering_github/pic18f25k80.X/multipoint.c
                  __pa_13   0x000ce8    program     static /Users/julian/Documents/Programming/tinkering/nRF_PIC18F25k80/nRF2401.c
                  __pa_13   0x0005b4    program     static /Users/julian/Documents/Programming/tinkering/tinkering_github/pic18f25k80.X/multipoint.c
                  __pa_14   0x000cf8    program     static /Users/julian/Documents/Programming/tinkering/nRF_PIC18F25k80/nRF2401.c
                  __pa_14   0x0005bc    program     static /Users/julian/Documents/Programming/tinkering/tinkering_github/pic18f25k80.X/multipoint.c
                  __pa_15   0x0005d2    program     static /Users/julian/Documents/Programming/tinkering/tinkering_github/pic18f25k80.X/multipoint.c
                  __pa_15   0x000d00    program     static /Users/julian/Documents/Programming/tinkering/nRF_PIC18F25k80/nRF2401.c
                  __pa_16   0x0005e4    program     static /Users/julian/Documents/Programming/tinkering/tinkering_github/pic18f25k80.X/multipoint.c
                  __pa_16   0x000d08    program     static /Users/julian/Documents/Programming/tinkering/nRF_PIC18F25k80/nRF2401.c
                  __pa_17   0x0005f0    program     static /Users/julian/Documents/Programming/tinkering/tinkering_github/pic18f25k80.X/multipoint.c
                  __pa_17   0x000d10    program     static /Users/julian/Documents/Programming/tinkering/nRF_PIC18F25k80/nRF2401.c
                  __pa_18   0x0005fa    program     static /Users/julian/Documents/Programming/tinkering/tinkering_github/pic18f25k80.X/multipoint.c
                  __pa_18   0x000d18    program     static /Users/julian/Documents/Programming/tinkering/nRF_PIC18F25k80/nRF2401.c
                  __pa_19   0x000606    program     static /Users/julian/Documents/Programming/tinkering/tinkering_github/pic18f25k80.X/multipoint.c
                   __pa_2   0x000c46    program     static /Users/julian/Documents/Programming/tinkering/nRF_PIC18F25k80/nRF2401.c
                   __pa_2   0x000526    program     static /Users/julian/Documents/Programming/tinkering/tinkering_github/pic18f25k80.X/multipoint.c
                   __pa_2   0x00093a    program     static /Users/julian/Documents/Programming/tinkering/tinkering_github/pic18f25k80.X/serlcd.c
                  __pa_20   0x000610    program     static /Users/julian/Documents/Programming/tinkering/tinkering_github/pic18f25k80.X/multipoint.c
                  __pa_21   0x000618    program     static /Users/julian/Documents/Programming/tinkering/tinkering_github/pic18f25k80.X/multipoint.c
                   __pa_3   0x000532    program     static /Users/julian/Documents/Programming/tinkering/tinkering_github/pic18f25k80.X/multipoint.c
                   __pa_3   0x000944    program     static /Users/julian/Documents/Programming/tinkering/tinkering_github/pic18f25k80.X/serlcd.c
                   __pa_3   0x000c50    program     static /Users/julian/Documents/Programming/tinkering/nRF_PIC18F25k80/nRF2401.c
                   __pa_4   0x00094c    program     static /Users/julian/Documents/Programming/tinkering/tinkering_github/pic18f25k80.X/serlcd.c
                   __pa_4   0x00053c    program     static /Users/julian/Documents/Programming/tinkering/tinkering_github/pic18f25k80.X/multipoint.c
                   __pa_4   0x000c58    program     static /Users/julian/Documents/Programming/tinkering/nRF_PIC18F25k80/nRF2401.c
                   __pa_5   0x00095a    program     static /Users/julian/Documents/Programming/tinkering/tinkering_github/pic18f25k80.X/serlcd.c
                   __pa_5   0x000c64    program     static /Users/julian/Documents/Programming/tinkering/nRF_PIC18F25k80/nRF2401.c
                   __pa_5   0x00054e    program     static /Users/julian/Documents/Programming/tinkering/tinkering_github/pic18f25k80.X/multipoint.c
                   __pa_6   0x000968    program     static /Users/julian/Documents/Programming/tinkering/tinkering_github/pic18f25k80.X/serlcd.c
                   __pa_6   0x000c82    program     static /Users/julian/Documents/Programming/tinkering/nRF_PIC18F25k80/nRF2401.c
                   __pa_6   0x00055c    program     static /Users/julian/Documents/Programming/tinkering/tinkering_github/pic18f25k80.X/multipoint.c
                   __pa_7   0x000c90    program     static /Users/julian/Documents/Programming/tinkering/nRF_PIC18F25k80/nRF2401.c
                   __pa_7   0x000976    program     static /Users/julian/Documents/Programming/tinkering/tinkering_github/pic18f25k80.X/serlcd.c
                   __pa_7   0x00056c    program     static /Users/julian/Documents/Programming/tinkering/tinkering_github/pic18f25k80.X/multipoint.c
                   __pa_8   0x000c9c    program     static /Users/julian/Documents/Programming/tinkering/nRF_PIC18F25k80/nRF2401.c
                   __pa_8   0x000576    program     static /Users/julian/Documents/Programming/tinkering/tinkering_github/pic18f25k80.X/multipoint.c
                   __pa_8   0x000984    program     static /Users/julian/Documents/Programming/tinkering/tinkering_github/pic18f25k80.X/serlcd.c
                   __pa_9   0x000cae    program     static /Users/julian/Documents/Programming/tinkering/nRF_PIC18F25k80/nRF2401.c
                   __pa_9   0x000990    program     static /Users/julian/Documents/Programming/tinkering/tinkering_github/pic18f25k80.X/serlcd.c
                   __pa_9   0x000580    program     static /Users/julian/Documents/Programming/tinkering/tinkering_github/pic18f25k80.X/multipoint.c
               __string_0   0x000e57    program     static /Users/julian/Documents/Programming/tinkering/tinkering_github/pic18f25k80.X/serlcd.c
               __string_0   0x000e9d    program     static /Users/julian/Documents/Programming/tinkering/tinkering_github/pic18f25k80.X/multipoint.c
               __string_1   0x000e54    program     static /Users/julian/Documents/Programming/tinkering/tinkering_github/pic18f25k80.X/serlcd.c
               __string_1   0x000e89    program     static /Users/julian/Documents/Programming/tinkering/tinkering_github/pic18f25k80.X/multipoint.c
               __string_2   0x000e73    program     static /Users/julian/Documents/Programming/tinkering/tinkering_github/pic18f25k80.X/multipoint.c
               __string_2   0x000e52    program     static /Users/julian/Documents/Programming/tinkering/tinkering_github/pic18f25k80.X/serlcd.c
               __string_3   0x000e6d    program     static /Users/julian/Documents/Programming/tinkering/tinkering_github/pic18f25k80.X/multipoint.c
               __string_4   0x000e6b    program     static /Users/julian/Documents/Programming/tinkering/tinkering_github/pic18f25k80.X/multipoint.c
               __string_5   0x000e67    program     static /Users/julian/Documents/Programming/tinkering/tinkering_github/pic18f25k80.X/multipoint.c
               __string_6   0x000e63    program     static /Users/julian/Documents/Programming/tinkering/tinkering_github/pic18f25k80.X/multipoint.c
               __string_7   0x000e5f    program     static /Users/julian/Documents/Programming/tinkering/tinkering_github/pic18f25k80.X/multipoint.c
               __string_8   0x000e5a    program     static /Users/julian/Documents/Programming/tinkering/tinkering_github/pic18f25k80.X/multipoint.c
            __zero_memory   0x000f04    program     extern C:\MCC18\v3_39\src\traditional\proc\p18F25K80.asm
                _do_cinit   0x000d1e    program     extern C:\MCC18\v3_39\src\traditional\startup\c018i.c
                   _entry   0x000000    program     extern C:\MCC18\v3_39\src\traditional\startup\c018i.c
                 _startup   0x000f24    program     extern C:\MCC18\v3_39\src\traditional\startup\c018i.c
                asm_reset   0x0004ea    program     static                          
                    clear   0x000688    program     extern /Users/julian/Documents/Programming/tinkering/tinkering_github/pic18f25k80.X/serlcd.c
               clearStrip   0x0002d2    program     extern /Users/julian/Documents/Programming/tinkering/tinkering_github/pic18f25k80.X/multipoint.c
                compare_l   0x000f1a    program     static C:\MCC18\v3_39\src\traditional\proc\p18F25K80.asm
                copy_loop   0x000d90    program     static                          
            copy_one_byte   0x000d96    program     static                          
                    delay   0x0003b6    program     extern /Users/julian/Documents/Programming/tinkering/tinkering_github/pic18f25k80.X/multipoint.c
            displayStatus   0x000356    program     extern /Users/julian/Documents/Programming/tinkering/tinkering_github/pic18f25k80.X/multipoint.c
                     done   0x000dba    program     static                          
                     done   0x0004ea    program     static                          
             done_copying   0x000da4    program     static                          
                  endloop   0x000efe    program     static                          
                  endloop   0x000f56    program     static                          
                     fill   0x0008c4    program     extern /Users/julian/Documents/Programming/tinkering/tinkering_github/pic18f25k80.X/serlcd.c
                 fillLine   0x0008ee    program     extern /Users/julian/Documents/Programming/tinkering/tinkering_github/pic18f25k80.X/serlcd.c
                     loop   0x000f34    program     static                          
                     loop   0x000ee2    program     static                          
                     loop   0x000f48    program     static                          
                     loop   0x0004ee    program     static                          
                   loop_h   0x000f12    program     static C:\MCC18\v3_39\src\traditional\proc\p18F25K80.asm
                   loop_l   0x000f1c    program     static C:\MCC18\v3_39\src\traditional\proc\p18F25K80.asm
                     main   0x0003ce    program     extern /Users/julian/Documents/Programming/tinkering/tinkering_github/pic18f25k80.X/multipoint.c
          masterInterrupt   0x00028e    program     extern /Users/julian/Documents/Programming/tinkering/tinkering_github/pic18f25k80.X/multipoint.c
               masterMain   0x0000ba    program     extern /Users/julian/Documents/Programming/tinkering/tinkering_github/pic18f25k80.X/multipoint.c
               nrf_SPI_RW   0x000b7e    program     extern /Users/julian/Documents/Programming/tinkering/nRF_PIC18F25k80/nRF2401.c
           nrf_SPI_RW_Reg   0x000b94    program     extern /Users/julian/Documents/Programming/tinkering/nRF_PIC18F25k80/nRF2401.c
             nrf_SPI_Read   0x000ba6    program     extern /Users/julian/Documents/Programming/tinkering/nRF_PIC18F25k80/nRF2401.c
         nrf_SPI_Read_Buf   0x000bb4    program     extern /Users/julian/Documents/Programming/tinkering/nRF_PIC18F25k80/nRF2401.c
        nrf_SPI_Write_Buf   0x000bf2    program     extern /Users/julian/Documents/Programming/tinkering/nRF_PIC18F25k80/nRF2401.c
            nrf_getStatus   0x0009b0    program     extern /Users/julian/Documents/Programming/tinkering/nRF_PIC18F25k80/nRF2401.c
                 nrf_init   0x000aca    program     extern /Users/julian/Documents/Programming/tinkering/nRF_PIC18F25k80/nRF2401.c
            nrf_powerdown   0x000b50    program     extern /Users/julian/Documents/Programming/tinkering/nRF_PIC18F25k80/nRF2401.c
              nrf_recieve   0x000a44    program     extern /Users/julian/Documents/Programming/tinkering/nRF_PIC18F25k80/nRF2401.c
               nrf_rxmode   0x000b44    program     extern /Users/julian/Documents/Programming/tinkering/nRF_PIC18F25k80/nRF2401.c
                 nrf_send   0x0009c2    program     extern /Users/julian/Documents/Programming/tinkering/nRF_PIC18F25k80/nRF2401.c
            nrf_setRxAddr   0x000b68    program     extern /Users/julian/Documents/Programming/tinkering/nRF_PIC18F25k80/nRF2401.c
            nrf_setTxAddr   0x000b56    program     extern /Users/julian/Documents/Programming/tinkering/nRF_PIC18F25k80/nRF2401.c
               nrf_txmode   0x000b4a    program     extern /Users/julian/Documents/Programming/tinkering/nRF_PIC18F25k80/nRF2401.c
                      run   0x0003c2    program     extern /Users/julian/Documents/Programming/tinkering/tinkering_github/pic18f25k80.X/multipoint.c
                  sendBin   0x0008b2    program     extern /Users/julian/Documents/Programming/tinkering/tinkering_github/pic18f25k80.X/serlcd.c
               sendBinPad   0x0008ba    program     extern /Users/julian/Documents/Programming/tinkering/tinkering_github/pic18f25k80.X/serlcd.c
                 sendByte   0x000692    program     extern /Users/julian/Documents/Programming/tinkering/tinkering_github/pic18f25k80.X/serlcd.c
           sendCharAsBase   0x000718    program     extern /Users/julian/Documents/Programming/tinkering/tinkering_github/pic18f25k80.X/serlcd.c
              sendCommand   0x00063e    program     extern /Users/julian/Documents/Programming/tinkering/tinkering_github/pic18f25k80.X/serlcd.c
                  sendDec   0x000880    program     extern /Users/julian/Documents/Programming/tinkering/tinkering_github/pic18f25k80.X/serlcd.c
                sendDigit   0x0006f0    program     extern /Users/julian/Documents/Programming/tinkering/tinkering_github/pic18f25k80.X/serlcd.c
                  sendHex   0x0008a2    program     extern /Users/julian/Documents/Programming/tinkering/tinkering_github/pic18f25k80.X/serlcd.c
            sendIntAsBase   0x0007b4    program     extern /Users/julian/Documents/Programming/tinkering/tinkering_github/pic18f25k80.X/serlcd.c
               sendIntDec   0x000888    program     extern /Users/julian/Documents/Programming/tinkering/tinkering_github/pic18f25k80.X/serlcd.c
         sendLiteralBytes   0x0006bc    program     extern /Users/julian/Documents/Programming/tinkering/tinkering_github/pic18f25k80.X/serlcd.c
       sendSpecialCommand   0x000638    program     extern /Users/julian/Documents/Programming/tinkering/tinkering_github/pic18f25k80.X/serlcd.c
          sendVisibleByte   0x0006b0    program     extern /Users/julian/Documents/Programming/tinkering/tinkering_github/pic18f25k80.X/serlcd.c
             setBacklight   0x000676    program     extern /Users/julian/Documents/Programming/tinkering/tinkering_github/pic18f25k80.X/serlcd.c
                   setLED   0x000314    program     extern /Users/julian/Documents/Programming/tinkering/tinkering_github/pic18f25k80.X/multipoint.c
              setPosition   0x000644    program     extern /Users/julian/Documents/Programming/tinkering/tinkering_github/pic18f25k80.X/serlcd.c
                    setup   0x000040    program     extern /Users/julian/Documents/Programming/tinkering/tinkering_github/pic18f25k80.X/multipoint.c
                 setupLCD   0x000626    program     extern /Users/julian/Documents/Programming/tinkering/tinkering_github/pic18f25k80.X/serlcd.c
           slaveInterrupt   0x0002d0    program     extern /Users/julian/Documents/Programming/tinkering/tinkering_github/pic18f25k80.X/multipoint.c
                slaveMain   0x000290    program     extern /Users/julian/Documents/Programming/tinkering/tinkering_github/pic18f25k80.X/multipoint.c
               startStrip   0x000492    program     static                          
                     test   0x000d38    program     static                          
           timerWaitLoop2   0x00049e    program     static                          
              transmitOne   0x0004c6    program     static                          
             transmitZero   0x0004aa    program     static                          
               updateLEDs   0x000472    program     extern /Users/julian/Documents/Programming/tinkering/tinkering_github/pic18f25k80.X/multipoint.c
               zero_block   0x000f12    program     static C:\MCC18\v3_39\src\traditional\proc\p18F25K80.asm
                   ADCON0   0x000fc2       data     extern C:\MCC18\v3_39\src\traditional\proc\p18F25K80.asm
               ADCON0bits   0x000fc2       data     extern C:\MCC18\v3_39\src\traditional\proc\p18F25K80.asm
                   ADCON1   0x000fc1       data     extern C:\MCC18\v3_39\src\traditional\proc\p18F25K80.asm
               ADCON1bits   0x000fc1       data     extern C:\MCC18\v3_39\src\traditional\proc\p18F25K80.asm
                   ADCON2   0x000fc0       data     extern C:\MCC18\v3_39\src\traditional\proc\p18F25K80.asm
               ADCON2bits   0x000fc0       data     extern C:\MCC18\v3_39\src\traditional\proc\p18F25K80.asm
                    ADRES   0x000fc3       data     extern C:\MCC18\v3_39\src\traditional\proc\p18F25K80.asm
                   ADRESH   0x000fc4       data     extern C:\MCC18\v3_39\src\traditional\proc\p18F25K80.asm
                   ADRESL   0x000fc3       data     extern C:\MCC18\v3_39\src\traditional\proc\p18F25K80.asm
                   ANCON0   0x000f5d       data     extern C:\MCC18\v3_39\src\traditional\proc\p18F25K80.asm
               ANCON0bits   0x000f5d       data     extern C:\MCC18\v3_39\src\traditional\proc\p18F25K80.asm
                   ANCON1   0x000f5c       data     extern C:\MCC18\v3_39\src\traditional\proc\p18F25K80.asm
               ANCON1bits   0x000f5c       data     extern C:\MCC18\v3_39\src\traditional\proc\p18F25K80.asm
                    B0CON   0x000e80       data     extern C:\MCC18\v3_39\src\traditional\proc\p18F25K80.asm
                B0CONbits   0x000e80       data     extern C:\MCC18\v3_39\src\traditional\proc\p18F25K80.asm
                     B0D0   0x000e86       data     extern C:\MCC18\v3_39\src\traditional\proc\p18F25K80.asm
                 B0D0bits   0x000e86       data     extern C:\MCC18\v3_39\src\traditional\proc\p18F25K80.asm
                     B0D1   0x000e87       data     extern C:\MCC18\v3_39\src\traditional\proc\p18F25K80.asm
                 B0D1bits   0x000e87       data     extern C:\MCC18\v3_39\src\traditional\proc\p18F25K80.asm
                     B0D2   0x000e88       data     extern C:\MCC18\v3_39\src\traditional\proc\p18F25K80.asm
                 B0D2bits   0x000e88       data     extern C:\MCC18\v3_39\src\traditional\proc\p18F25K80.asm
                     B0D3   0x000e89       data     extern C:\MCC18\v3_39\src\traditional\proc\p18F25K80.asm
                 B0D3bits   0x000e89       data     extern C:\MCC18\v3_39\src\traditional\proc\p18F25K80.asm
                     B0D4   0x000e8a       data     extern C:\MCC18\v3_39\src\traditional\proc\p18F25K80.asm
                 B0D4bits   0x000e8a       data     extern C:\MCC18\v3_39\src\traditional\proc\p18F25K80.asm
                     B0D5   0x000e8b       data     extern C:\MCC18\v3_39\src\traditional\proc\p18F25K80.asm
                 B0D5bits   0x000e8b       data     extern C:\MCC18\v3_39\src\traditional\proc\p18F25K80.asm
                     B0D6   0x000e8c       data     extern C:\MCC18\v3_39\src\traditional\proc\p18F25K80.asm
                 B0D6bits   0x000e8c       data     extern C:\MCC18\v3_39\src\traditional\proc\p18F25K80.asm
                     B0D7   0x000e8d       data     extern C:\MCC18\v3_39\src\traditional\proc\p18F25K80.asm
                 B0D7bits   0x000e8d       data     extern C:\MCC18\v3_39\src\traditional\proc\p18F25K80.asm
                    B0DLC   0x000e85       data     extern C:\MCC18\v3_39\src\traditional\proc\p18F25K80.asm
                B0DLCbits   0x000e85       data     extern C:\MCC18\v3_39\src\traditional\proc\p18F25K80.asm
                   B0EIDH   0x000e83       data     extern C:\MCC18\v3_39\src\traditional\proc\p18F25K80.asm
               B0EIDHbits   0x000e83       data     extern C:\MCC18\v3_39\src\traditional\proc\p18F25K80.asm
                   B0EIDL   0x000e84       data     extern C:\MCC18\v3_39\src\traditional\proc\p18F25K80.asm
               B0EIDLbits   0x000e84       data     extern C:\MCC18\v3_39\src\traditional\proc\p18F25K80.asm
                   B0SIDH   0x000e81       data     extern C:\MCC18\v3_39\src\traditional\proc\p18F25K80.asm
               B0SIDHbits   0x000e81       data     extern C:\MCC18\v3_39\src\traditional\proc\p18F25K80.asm
                   B0SIDL   0x000e82       data     extern C:\MCC18\v3_39\src\traditional\proc\p18F25K80.asm
               B0SIDLbits   0x000e82       data     extern C:\MCC18\v3_39\src\traditional\proc\p18F25K80.asm
                    B1CON   0x000e90       data     extern C:\MCC18\v3_39\src\traditional\proc\p18F25K80.asm
                B1CONbits   0x000e90       data     extern C:\MCC18\v3_39\src\traditional\proc\p18F25K80.asm
                     B1D0   0x000e96       data     extern C:\MCC18\v3_39\src\traditional\proc\p18F25K80.asm
                 B1D0bits   0x000e96       data     extern C:\MCC18\v3_39\src\traditional\proc\p18F25K80.asm
                     B1D1   0x000e97       data     extern C:\MCC18\v3_39\src\traditional\proc\p18F25K80.asm
                 B1D1bits   0x000e97       data     extern C:\MCC18\v3_39\src\traditional\proc\p18F25K80.asm
                     B1D2   0x000e98       data     extern C:\MCC18\v3_39\src\traditional\proc\p18F25K80.asm
                 B1D2bits   0x000e98       data     extern C:\MCC18\v3_39\src\traditional\proc\p18F25K80.asm
                     B1D3   0x000e99       data     extern C:\MCC18\v3_39\src\traditional\proc\p18F25K80.asm
                 B1D3bits   0x000e99       data     extern C:\MCC18\v3_39\src\traditional\proc\p18F25K80.asm
                     B1D4   0x000e9a       data     extern C:\MCC18\v3_39\src\traditional\proc\p18F25K80.asm
                 B1D4bits   0x000e9a       data     extern C:\MCC18\v3_39\src\traditional\proc\p18F25K80.asm
                     B1D5   0x000e9b       data     extern C:\MCC18\v3_39\src\traditional\proc\p18F25K80.asm
                 B1D5bits   0x000e9b       data     extern C:\MCC18\v3_39\src\traditional\proc\p18F25K80.asm
                     B1D6   0x000e9c       data     extern C:\MCC18\v3_39\src\traditional\proc\p18F25K80.asm
                 B1D6bits   0x000e9c       data     extern C:\MCC18\v3_39\src\traditional\proc\p18F25K80.asm
                     B1D7   0x000e9d       data     extern C:\MCC18\v3_39\src\traditional\proc\p18F25K80.asm
                 B1D7bits   0x000e9d       data     extern C:\MCC18\v3_39\src\traditional\proc\p18F25K80.asm
                    B1DLC   0x000e95       data     extern C:\MCC18\v3_39\src\traditional\proc\p18F25K80.asm
                B1DLCbits   0x000e95       data     extern C:\MCC18\v3_39\src\traditional\proc\p18F25K80.asm
                   B1EIDH   0x000e93       data     extern C:\MCC18\v3_39\src\traditional\proc\p18F25K80.asm
               B1EIDHbits   0x000e93       data     extern C:\MCC18\v3_39\src\traditional\proc\p18F25K80.asm
                   B1EIDL   0x000e94       data     extern C:\MCC18\v3_39\src\traditional\proc\p18F25K80.asm
               B1EIDLbits   0x000e94       data     extern C:\MCC18\v3_39\src\traditional\proc\p18F25K80.asm
                   B1SIDH   0x000e91       data     extern C:\MCC18\v3_39\src\traditional\proc\p18F25K80.asm
               B1SIDHbits   0x000e91       data     extern C:\MCC18\v3_39\src\traditional\proc\p18F25K80.asm
                   B1SIDL   0x000e92       data     extern C:\MCC18\v3_39\src\traditional\proc\p18F25K80.asm
               B1SIDLbits   0x000e92       data     extern C:\MCC18\v3_39\src\traditional\proc\p18F25K80.asm
                    B2CON   0x000ea0       data     extern C:\MCC18\v3_39\src\traditional\proc\p18F25K80.asm
                B2CONbits   0x000ea0       data     extern C:\MCC18\v3_39\src\traditional\proc\p18F25K80.asm
                     B2D0   0x000ea6       data     extern C:\MCC18\v3_39\src\traditional\proc\p18F25K80.asm
                 B2D0bits   0x000ea6       data     extern C:\MCC18\v3_39\src\traditional\proc\p18F25K80.asm
                     B2D1   0x000ea7       data     extern C:\MCC18\v3_39\src\traditional\proc\p18F25K80.asm
                 B2D1bits   0x000ea7       data     extern C:\MCC18\v3_39\src\traditional\proc\p18F25K80.asm
                     B2D2   0x000ea8       data     extern C:\MCC18\v3_39\src\traditional\proc\p18F25K80.asm
                 B2D2bits   0x000ea8       data     extern C:\MCC18\v3_39\src\traditional\proc\p18F25K80.asm
                     B2D3   0x000ea9       data     extern C:\MCC18\v3_39\src\traditional\proc\p18F25K80.asm
                 B2D3bits   0x000ea9       data     extern C:\MCC18\v3_39\src\traditional\proc\p18F25K80.asm
                     B2D4   0x000eaa       data     extern C:\MCC18\v3_39\src\traditional\proc\p18F25K80.asm
                 B2D4bits   0x000eaa       data     extern C:\MCC18\v3_39\src\traditional\proc\p18F25K80.asm
                     B2D5   0x000eab       data     extern C:\MCC18\v3_39\src\traditional\proc\p18F25K80.asm
                 B2D5bits   0x000eab       data     extern C:\MCC18\v3_39\src\traditional\proc\p18F25K80.asm
                     B2D6   0x000eac       data     extern C:\MCC18\v3_39\src\traditional\proc\p18F25K80.asm
                 B2D6bits   0x000eac       data     extern C:\MCC18\v3_39\src\traditional\proc\p18F25K80.asm
                     B2D7   0x000ead       data     extern C:\MCC18\v3_39\src\traditional\proc\p18F25K80.asm
                 B2D7bits   0x000ead       data     extern C:\MCC18\v3_39\src\traditional\proc\p18F25K80.asm
                    B2DLC   0x000ea5       data     extern C:\MCC18\v3_39\src\traditional\proc\p18F25K80.asm
                B2DLCbits   0x000ea5       data     extern C:\MCC18\v3_39\src\traditional\proc\p18F25K80.asm
                   B2EIDH   0x000ea3       data     extern C:\MCC18\v3_39\src\traditional\proc\p18F25K80.asm
               B2EIDHbits   0x000ea3       data     extern C:\MCC18\v3_39\src\traditional\proc\p18F25K80.asm
                   B2EIDL   0x000ea4       data     extern C:\MCC18\v3_39\src\traditional\proc\p18F25K80.asm
               B2EIDLbits   0x000ea4       data     extern C:\MCC18\v3_39\src\traditional\proc\p18F25K80.asm
                   B2SIDH   0x000ea1       data     extern C:\MCC18\v3_39\src\traditional\proc\p18F25K80.asm
               B2SIDHbits   0x000ea1       data     extern C:\MCC18\v3_39\src\traditional\proc\p18F25K80.asm
                   B2SIDL   0x000ea2       data     extern C:\MCC18\v3_39\src\traditional\proc\p18F25K80.asm
               B2SIDLbits   0x000ea2       data     extern C:\MCC18\v3_39\src\traditional\proc\p18F25K80.asm
                    B3CON   0x000eb0       data     extern C:\MCC18\v3_39\src\traditional\proc\p18F25K80.asm
                B3CONbits   0x000eb0       data     extern C:\MCC18\v3_39\src\traditional\proc\p18F25K80.asm
                     B3D0   0x000eb6       data     extern C:\MCC18\v3_39\src\traditional\proc\p18F25K80.asm
                 B3D0bits   0x000eb6       data     extern C:\MCC18\v3_39\src\traditional\proc\p18F25K80.asm
                     B3D1   0x000eb7       data     extern C:\MCC18\v3_39\src\traditional\proc\p18F25K80.asm
                 B3D1bits   0x000eb7       data     extern C:\MCC18\v3_39\src\traditional\proc\p18F25K80.asm
                     B3D2   0x000eb8       data     extern C:\MCC18\v3_39\src\traditional\proc\p18F25K80.asm
                 B3D2bits   0x000eb8       data     extern C:\MCC18\v3_39\src\traditional\proc\p18F25K80.asm
                     B3D3   0x000eb9       data     extern C:\MCC18\v3_39\src\traditional\proc\p18F25K80.asm
                 B3D3bits   0x000eb9       data     extern C:\MCC18\v3_39\src\traditional\proc\p18F25K80.asm
                     B3D4   0x000eba       data     extern C:\MCC18\v3_39\src\traditional\proc\p18F25K80.asm
                 B3D4bits   0x000eba       data     extern C:\MCC18\v3_39\src\traditional\proc\p18F25K80.asm
                     B3D5   0x000ebb       data     extern C:\MCC18\v3_39\src\traditional\proc\p18F25K80.asm
                 B3D5bits   0x000ebb       data     extern C:\MCC18\v3_39\src\traditional\proc\p18F25K80.asm
                     B3D6   0x000ebc       data     extern C:\MCC18\v3_39\src\traditional\proc\p18F25K80.asm
                 B3D6bits   0x000ebc       data     extern C:\MCC18\v3_39\src\traditional\proc\p18F25K80.asm
                     B3D7   0x000ebd       data     extern C:\MCC18\v3_39\src\traditional\proc\p18F25K80.asm
                 B3D7bits   0x000ebd       data     extern C:\MCC18\v3_39\src\traditional\proc\p18F25K80.asm
                    B3DLC   0x000eb5       data     extern C:\MCC18\v3_39\src\traditional\proc\p18F25K80.asm
                B3DLCbits   0x000eb5       data     extern C:\MCC18\v3_39\src\traditional\proc\p18F25K80.asm
                   B3EIDH   0x000eb3       data     extern C:\MCC18\v3_39\src\traditional\proc\p18F25K80.asm
               B3EIDHbits   0x000eb3       data     extern C:\MCC18\v3_39\src\traditional\proc\p18F25K80.asm
                   B3EIDL   0x000eb4       data     extern C:\MCC18\v3_39\src\traditional\proc\p18F25K80.asm
               B3EIDLbits   0x000eb4       data     extern C:\MCC18\v3_39\src\traditional\proc\p18F25K80.asm
                   B3SIDH   0x000eb1       data     extern C:\MCC18\v3_39\src\traditional\proc\p18F25K80.asm
               B3SIDHbits   0x000eb1       data     extern C:\MCC18\v3_39\src\traditional\proc\p18F25K80.asm
                   B3SIDL   0x000eb2       data     extern C:\MCC18\v3_39\src\traditional\proc\p18F25K80.asm
               B3SIDLbits   0x000eb2       data     extern C:\MCC18\v3_39\src\traditional\proc\p18F25K80.asm
                    B4CON   0x000ec0       data     extern C:\MCC18\v3_39\src\traditional\proc\p18F25K80.asm
                B4CONbits   0x000ec0       data     extern C:\MCC18\v3_39\src\traditional\proc\p18F25K80.asm
                     B4D0   0x000ec6       data     extern C:\MCC18\v3_39\src\traditional\proc\p18F25K80.asm
                 B4D0bits   0x000ec6       data     extern C:\MCC18\v3_39\src\traditional\proc\p18F25K80.asm
                     B4D1   0x000ec7       data     extern C:\MCC18\v3_39\src\traditional\proc\p18F25K80.asm
                 B4D1bits   0x000ec7       data     extern C:\MCC18\v3_39\src\traditional\proc\p18F25K80.asm
                     B4D2   0x000ec8       data     extern C:\MCC18\v3_39\src\traditional\proc\p18F25K80.asm
                 B4D2bits   0x000ec8       data     extern C:\MCC18\v3_39\src\traditional\proc\p18F25K80.asm
                     B4D3   0x000ec9       data     extern C:\MCC18\v3_39\src\traditional\proc\p18F25K80.asm
                 B4D3bits   0x000ec9       data     extern C:\MCC18\v3_39\src\traditional\proc\p18F25K80.asm
                     B4D4   0x000eca       data     extern C:\MCC18\v3_39\src\traditional\proc\p18F25K80.asm
                 B4D4bits   0x000eca       data     extern C:\MCC18\v3_39\src\traditional\proc\p18F25K80.asm
                     B4D5   0x000ecb       data     extern C:\MCC18\v3_39\src\traditional\proc\p18F25K80.asm
                 B4D5bits   0x000ecb       data     extern C:\MCC18\v3_39\src\traditional\proc\p18F25K80.asm
                     B4D6   0x000ecc       data     extern C:\MCC18\v3_39\src\traditional\proc\p18F25K80.asm
                 B4D6bits   0x000ecc       data     extern C:\MCC18\v3_39\src\traditional\proc\p18F25K80.asm
                     B4D7   0x000ecd       data     extern C:\MCC18\v3_39\src\traditional\proc\p18F25K80.asm
                 B4D7bits   0x000ecd       data     extern C:\MCC18\v3_39\src\traditional\proc\p18F25K80.asm
                    B4DLC   0x000ec5       data     extern C:\MCC18\v3_39\src\traditional\proc\p18F25K80.asm
                B4DLCbits   0x000ec5       data     extern C:\MCC18\v3_39\src\traditional\proc\p18F25K80.asm
                   B4EIDH   0x000ec3       data     extern C:\MCC18\v3_39\src\traditional\proc\p18F25K80.asm
               B4EIDHbits   0x000ec3       data     extern C:\MCC18\v3_39\src\traditional\proc\p18F25K80.asm
                   B4EIDL   0x000ec4       data     extern C:\MCC18\v3_39\src\traditional\proc\p18F25K80.asm
               B4EIDLbits   0x000ec4       data     extern C:\MCC18\v3_39\src\traditional\proc\p18F25K80.asm
                   B4SIDH   0x000ec1       data     extern C:\MCC18\v3_39\src\traditional\proc\p18F25K80.asm
               B4SIDHbits   0x000ec1       data     extern C:\MCC18\v3_39\src\traditional\proc\p18F25K80.asm
                   B4SIDL   0x000ec2       data     extern C:\MCC18\v3_39\src\traditional\proc\p18F25K80.asm
               B4SIDLbits   0x000ec2       data     extern C:\MCC18\v3_39\src\traditional\proc\p18F25K80.asm
                    B5CON   0x000ed0       data     extern C:\MCC18\v3_39\src\traditional\proc\p18F25K80.asm
                B5CONbits   0x000ed0       data     extern C:\MCC18\v3_39\src\traditional\proc\p18F25K80.asm
                     B5D0   0x000ed6       data     extern C:\MCC18\v3_39\src\traditional\proc\p18F25K80.asm
                 B5D0bits   0x000ed6       data     extern C:\MCC18\v3_39\src\traditional\proc\p18F25K80.asm
                     B5D1   0x000ed7       data     extern C:\MCC18\v3_39\src\traditional\proc\p18F25K80.asm
                 B5D1bits   0x000ed7       data     extern C:\MCC18\v3_39\src\traditional\proc\p18F25K80.asm
                     B5D2   0x000ed8       data     extern C:\MCC18\v3_39\src\traditional\proc\p18F25K80.asm
                 B5D2bits   0x000ed8       data     extern C:\MCC18\v3_39\src\traditional\proc\p18F25K80.asm
                     B5D3   0x000ed9       data     extern C:\MCC18\v3_39\src\traditional\proc\p18F25K80.asm
                 B5D3bits   0x000ed9       data     extern C:\MCC18\v3_39\src\traditional\proc\p18F25K80.asm
                     B5D4   0x000eda       data     extern C:\MCC18\v3_39\src\traditional\proc\p18F25K80.asm
                 B5D4bits   0x000eda       data     extern C:\MCC18\v3_39\src\traditional\proc\p18F25K80.asm
                     B5D5   0x000edb       data     extern C:\MCC18\v3_39\src\traditional\proc\p18F25K80.asm
                 B5D5bits   0x000edb       data     extern C:\MCC18\v3_39\src\traditional\proc\p18F25K80.asm
                     B5D6   0x000edc       data     extern C:\MCC18\v3_39\src\traditional\proc\p18F25K80.asm
                 B5D6bits   0x000edc       data     extern C:\MCC18\v3_39\src\traditional\proc\p18F25K80.asm
                     B5D7   0x000edd       data     extern C:\MCC18\v3_39\src\traditional\proc\p18F25K80.asm
                 B5D7bits   0x000edd       data     extern C:\MCC18\v3_39\src\traditional\proc\p18F25K80.asm
                    B5DLC   0x000ed5       data     extern C:\MCC18\v3_39\src\traditional\proc\p18F25K80.asm
                B5DLCbits   0x000ed5       data     extern C:\MCC18\v3_39\src\traditional\proc\p18F25K80.asm
                   B5EIDH   0x000ed3       data     extern C:\MCC18\v3_39\src\traditional\proc\p18F25K80.asm
               B5EIDHbits   0x000ed3       data     extern C:\MCC18\v3_39\src\traditional\proc\p18F25K80.asm
                   B5EIDL   0x000ed4       data     extern C:\MCC18\v3_39\src\traditional\proc\p18F25K80.asm
               B5EIDLbits   0x000ed4       data     extern C:\MCC18\v3_39\src\traditional\proc\p18F25K80.asm
                   B5SIDH   0x000ed1       data     extern C:\MCC18\v3_39\src\traditional\proc\p18F25K80.asm
               B5SIDHbits   0x000ed1       data     extern C:\MCC18\v3_39\src\traditional\proc\p18F25K80.asm
                   B5SIDL   0x000ed2       data     extern C:\MCC18\v3_39\src\traditional\proc\p18F25K80.asm
               B5SIDLbits   0x000ed2       data     extern C:\MCC18\v3_39\src\traditional\proc\p18F25K80.asm
                 BAUDCON1   0x000fa7       data     extern C:\MCC18\v3_39\src\traditional\proc\p18F25K80.asm
             BAUDCON1bits   0x000fa7       data     extern C:\MCC18\v3_39\src\traditional\proc\p18F25K80.asm
                 BAUDCON2   0x000fb9       data     extern C:\MCC18\v3_39\src\traditional\proc\p18F25K80.asm
             BAUDCON2bits   0x000fb9       data     extern C:\MCC18\v3_39\src\traditional\proc\p18F25K80.asm
                     BIE0   0x000e7e       data     extern C:\MCC18\v3_39\src\traditional\proc\p18F25K80.asm
                 BIE0bits   0x000e7e       data     extern C:\MCC18\v3_39\src\traditional\proc\p18F25K80.asm
                  BRGCON1   0x000e43       data     extern C:\MCC18\v3_39\src\traditional\proc\p18F25K80.asm
              BRGCON1bits   0x000e43       data     extern C:\MCC18\v3_39\src\traditional\proc\p18F25K80.asm
                  BRGCON2   0x000e44       data     extern C:\MCC18\v3_39\src\traditional\proc\p18F25K80.asm
              BRGCON2bits   0x000e44       data     extern C:\MCC18\v3_39\src\traditional\proc\p18F25K80.asm
                  BRGCON3   0x000e45       data     extern C:\MCC18\v3_39\src\traditional\proc\p18F25K80.asm
              BRGCON3bits   0x000e45       data     extern C:\MCC18\v3_39\src\traditional\proc\p18F25K80.asm
                    BSEL0   0x000e7d       data     extern C:\MCC18\v3_39\src\traditional\proc\p18F25K80.asm
                BSEL0bits   0x000e7d       data     extern C:\MCC18\v3_39\src\traditional\proc\p18F25K80.asm
                      BSR   0x000fe0       data     extern C:\MCC18\v3_39\src\traditional\proc\p18F25K80.asm
                  BSRbits   0x000fe0       data     extern C:\MCC18\v3_39\src\traditional\proc\p18F25K80.asm
                   CANCON   0x000f6f       data     extern C:\MCC18\v3_39\src\traditional\proc\p18F25K80.asm
               CANCON_RO0   0x000f3f       data     extern C:\MCC18\v3_39\src\traditional\proc\p18F25K80.asm
           CANCON_RO0bits   0x000f3f       data     extern C:\MCC18\v3_39\src\traditional\proc\p18F25K80.asm
               CANCON_RO1   0x000f2f       data     extern C:\MCC18\v3_39\src\traditional\proc\p18F25K80.asm
           CANCON_RO1bits   0x000f2f       data     extern C:\MCC18\v3_39\src\traditional\proc\p18F25K80.asm
               CANCON_RO2   0x000f1f       data     extern C:\MCC18\v3_39\src\traditional\proc\p18F25K80.asm
           CANCON_RO2bits   0x000f1f       data     extern C:\MCC18\v3_39\src\traditional\proc\p18F25K80.asm
               CANCON_RO3   0x000f0f       data     extern C:\MCC18\v3_39\src\traditional\proc\p18F25K80.asm
           CANCON_RO3bits   0x000f0f       data     extern C:\MCC18\v3_39\src\traditional\proc\p18F25K80.asm
               CANCON_RO4   0x000edf       data     extern C:\MCC18\v3_39\src\traditional\proc\p18F25K80.asm
           CANCON_RO4bits   0x000edf       data     extern C:\MCC18\v3_39\src\traditional\proc\p18F25K80.asm
               CANCON_RO5   0x000ecf       data     extern C:\MCC18\v3_39\src\traditional\proc\p18F25K80.asm
           CANCON_RO5bits   0x000ecf       data     extern C:\MCC18\v3_39\src\traditional\proc\p18F25K80.asm
               CANCON_RO6   0x000ebf       data     extern C:\MCC18\v3_39\src\traditional\proc\p18F25K80.asm
           CANCON_RO6bits   0x000ebf       data     extern C:\MCC18\v3_39\src\traditional\proc\p18F25K80.asm
               CANCON_RO7   0x000eaf       data     extern C:\MCC18\v3_39\src\traditional\proc\p18F25K80.asm
           CANCON_RO7bits   0x000eaf       data     extern C:\MCC18\v3_39\src\traditional\proc\p18F25K80.asm
               CANCON_RO8   0x000e9f       data     extern C:\MCC18\v3_39\src\traditional\proc\p18F25K80.asm
           CANCON_RO8bits   0x000e9f       data     extern C:\MCC18\v3_39\src\traditional\proc\p18F25K80.asm
               CANCON_RO9   0x000e8f       data     extern C:\MCC18\v3_39\src\traditional\proc\p18F25K80.asm
           CANCON_RO9bits   0x000e8f       data     extern C:\MCC18\v3_39\src\traditional\proc\p18F25K80.asm
               CANCONbits   0x000f6f       data     extern C:\MCC18\v3_39\src\traditional\proc\p18F25K80.asm
                  CANSTAT   0x000f6e       data     extern C:\MCC18\v3_39\src\traditional\proc\p18F25K80.asm
              CANSTAT_RO0   0x000f3e       data     extern C:\MCC18\v3_39\src\traditional\proc\p18F25K80.asm
          CANSTAT_RO0bits   0x000f3e       data     extern C:\MCC18\v3_39\src\traditional\proc\p18F25K80.asm
              CANSTAT_RO1   0x000f2e       data     extern C:\MCC18\v3_39\src\traditional\proc\p18F25K80.asm
          CANSTAT_RO1bits   0x000f2e       data     extern C:\MCC18\v3_39\src\traditional\proc\p18F25K80.asm
              CANSTAT_RO2   0x000f1e       data     extern C:\MCC18\v3_39\src\traditional\proc\p18F25K80.asm
          CANSTAT_RO2bits   0x000f1e       data     extern C:\MCC18\v3_39\src\traditional\proc\p18F25K80.asm
              CANSTAT_RO3   0x000f0e       data     extern C:\MCC18\v3_39\src\traditional\proc\p18F25K80.asm
          CANSTAT_RO3bits   0x000f0e       data     extern C:\MCC18\v3_39\src\traditional\proc\p18F25K80.asm
              CANSTAT_RO4   0x000ede       data     extern C:\MCC18\v3_39\src\traditional\proc\p18F25K80.asm
          CANSTAT_RO4bits   0x000ede       data     extern C:\MCC18\v3_39\src\traditional\proc\p18F25K80.asm
              CANSTAT_RO5   0x000ece       data     extern C:\MCC18\v3_39\src\traditional\proc\p18F25K80.asm
          CANSTAT_RO5bits   0x000ece       data     extern C:\MCC18\v3_39\src\traditional\proc\p18F25K80.asm
              CANSTAT_RO6   0x000ebe       data     extern C:\MCC18\v3_39\src\traditional\proc\p18F25K80.asm
          CANSTAT_RO6bits   0x000ebe       data     extern C:\MCC18\v3_39\src\traditional\proc\p18F25K80.asm
              CANSTAT_RO7   0x000eae       data     extern C:\MCC18\v3_39\src\traditional\proc\p18F25K80.asm
          CANSTAT_RO7bits   0x000eae       data     extern C:\MCC18\v3_39\src\traditional\proc\p18F25K80.asm
              CANSTAT_RO8   0x000e9e       data     extern C:\MCC18\v3_39\src\traditional\proc\p18F25K80.asm
          CANSTAT_RO8bits   0x000e9e       data     extern C:\MCC18\v3_39\src\traditional\proc\p18F25K80.asm
              CANSTAT_RO9   0x000e8e       data     extern C:\MCC18\v3_39\src\traditional\proc\p18F25K80.asm
          CANSTAT_RO9bits   0x000e8e       data     extern C:\MCC18\v3_39\src\traditional\proc\p18F25K80.asm
              CANSTATbits   0x000f6e       data     extern C:\MCC18\v3_39\src\traditional\proc\p18F25K80.asm
                  CCP1CON   0x000fbb       data     extern C:\MCC18\v3_39\src\traditional\proc\p18F25K80.asm
              CCP1CONbits   0x000fbb       data     extern C:\MCC18\v3_39\src\traditional\proc\p18F25K80.asm
                  CCP2CON   0x000f50       data     extern C:\MCC18\v3_39\src\traditional\proc\p18F25K80.asm
              CCP2CONbits   0x000f50       data     extern C:\MCC18\v3_39\src\traditional\proc\p18F25K80.asm
                  CCP3CON   0x000f4d       data     extern C:\MCC18\v3_39\src\traditional\proc\p18F25K80.asm
              CCP3CONbits   0x000f4d       data     extern C:\MCC18\v3_39\src\traditional\proc\p18F25K80.asm
                  CCP4CON   0x000f4a       data     extern C:\MCC18\v3_39\src\traditional\proc\p18F25K80.asm
              CCP4CONbits   0x000f4a       data     extern C:\MCC18\v3_39\src\traditional\proc\p18F25K80.asm
                  CCP5CON   0x000f47       data     extern C:\MCC18\v3_39\src\traditional\proc\p18F25K80.asm
              CCP5CONbits   0x000f47       data     extern C:\MCC18\v3_39\src\traditional\proc\p18F25K80.asm
                    CCPR1   0x000fbc       data     extern C:\MCC18\v3_39\src\traditional\proc\p18F25K80.asm
                   CCPR1H   0x000fbd       data     extern C:\MCC18\v3_39\src\traditional\proc\p18F25K80.asm
                   CCPR1L   0x000fbc       data     extern C:\MCC18\v3_39\src\traditional\proc\p18F25K80.asm
                    CCPR2   0x000f51       data     extern C:\MCC18\v3_39\src\traditional\proc\p18F25K80.asm
                   CCPR2H   0x000f52       data     extern C:\MCC18\v3_39\src\traditional\proc\p18F25K80.asm
                   CCPR2L   0x000f51       data     extern C:\MCC18\v3_39\src\traditional\proc\p18F25K80.asm
                    CCPR3   0x000f4e       data     extern C:\MCC18\v3_39\src\traditional\proc\p18F25K80.asm
                   CCPR3H   0x000f4f       data     extern C:\MCC18\v3_39\src\traditional\proc\p18F25K80.asm
                   CCPR3L   0x000f4e       data     extern C:\MCC18\v3_39\src\traditional\proc\p18F25K80.asm
                    CCPR4   0x000f4b       data     extern C:\MCC18\v3_39\src\traditional\proc\p18F25K80.asm
                   CCPR4H   0x000f4c       data     extern C:\MCC18\v3_39\src\traditional\proc\p18F25K80.asm
                   CCPR4L   0x000f4b       data     extern C:\MCC18\v3_39\src\traditional\proc\p18F25K80.asm
                    CCPR5   0x000f48       data     extern C:\MCC18\v3_39\src\traditional\proc\p18F25K80.asm
                   CCPR5H   0x000f49       data     extern C:\MCC18\v3_39\src\traditional\proc\p18F25K80.asm
                   CCPR5L   0x000f48       data     extern C:\MCC18\v3_39\src\traditional\proc\p18F25K80.asm
                  CCPTMRS   0x000f99       data     extern C:\MCC18\v3_39\src\traditional\proc\p18F25K80.asm
              CCPTMRSbits   0x000f99       data     extern C:\MCC18\v3_39\src\traditional\proc\p18F25K80.asm
                   CIOCON   0x000f70       data     extern C:\MCC18\v3_39\src\traditional\proc\p18F25K80.asm
               CIOCONbits   0x000f70       data     extern C:\MCC18\v3_39\src\traditional\proc\p18F25K80.asm
                   CM1CON   0x000f5f       data     extern C:\MCC18\v3_39\src\traditional\proc\p18F25K80.asm
                  CM1CON1   0x000f5f       data     extern C:\MCC18\v3_39\src\traditional\proc\p18F25K80.asm
              CM1CON1bits   0x000f5f       data     extern C:\MCC18\v3_39\src\traditional\proc\p18F25K80.asm
               CM1CONbits   0x000f5f       data     extern C:\MCC18\v3_39\src\traditional\proc\p18F25K80.asm
                   CM2CON   0x000f5e       data     extern C:\MCC18\v3_39\src\traditional\proc\p18F25K80.asm
                  CM2CON1   0x000f5e       data     extern C:\MCC18\v3_39\src\traditional\proc\p18F25K80.asm
              CM2CON1bits   0x000f5e       data     extern C:\MCC18\v3_39\src\traditional\proc\p18F25K80.asm
               CM2CONbits   0x000f5e       data     extern C:\MCC18\v3_39\src\traditional\proc\p18F25K80.asm
                   CMSTAT   0x000fb4       data     extern C:\MCC18\v3_39\src\traditional\proc\p18F25K80.asm
                 CMSTATUS   0x000fb4       data     extern C:\MCC18\v3_39\src\traditional\proc\p18F25K80.asm
             CMSTATUSbits   0x000fb4       data     extern C:\MCC18\v3_39\src\traditional\proc\p18F25K80.asm
               CMSTATbits   0x000fb4       data     extern C:\MCC18\v3_39\src\traditional\proc\p18F25K80.asm
                  COMSTAT   0x000f71       data     extern C:\MCC18\v3_39\src\traditional\proc\p18F25K80.asm
              COMSTATbits   0x000f71       data     extern C:\MCC18\v3_39\src\traditional\proc\p18F25K80.asm
                 CTMUCONH   0x000f55       data     extern C:\MCC18\v3_39\src\traditional\proc\p18F25K80.asm
             CTMUCONHbits   0x000f55       data     extern C:\MCC18\v3_39\src\traditional\proc\p18F25K80.asm
                 CTMUCONL   0x000f54       data     extern C:\MCC18\v3_39\src\traditional\proc\p18F25K80.asm
             CTMUCONLbits   0x000f54       data     extern C:\MCC18\v3_39\src\traditional\proc\p18F25K80.asm
                 CTMUICON   0x000f53       data     extern C:\MCC18\v3_39\src\traditional\proc\p18F25K80.asm
             CTMUICONbits   0x000f53       data     extern C:\MCC18\v3_39\src\traditional\proc\p18F25K80.asm
                   CVRCON   0x000fb5       data     extern C:\MCC18\v3_39\src\traditional\proc\p18F25K80.asm
               CVRCONbits   0x000fb5       data     extern C:\MCC18\v3_39\src\traditional\proc\p18F25K80.asm
            DelayCounter1   0x000019       data     extern C:\MCC18\v3_39\src\traditional\delays\delayd1.asm
            DelayCounter2   0x000018       data     extern C:\MCC18\v3_39\src\traditional\delays\delayd2.asm
                  ECANCON   0x000f72       data     extern C:\MCC18\v3_39\src\traditional\proc\p18F25K80.asm
              ECANCONbits   0x000f72       data     extern C:\MCC18\v3_39\src\traditional\proc\p18F25K80.asm
                  ECCP1AS   0x000fbf       data     extern C:\MCC18\v3_39\src\traditional\proc\p18F25K80.asm
              ECCP1ASbits   0x000fbf       data     extern C:\MCC18\v3_39\src\traditional\proc\p18F25K80.asm
                 ECCP1CON   0x000fbb       data     extern C:\MCC18\v3_39\src\traditional\proc\p18F25K80.asm
             ECCP1CONbits   0x000fbb       data     extern C:\MCC18\v3_39\src\traditional\proc\p18F25K80.asm
                 ECCP1DEL   0x000fbe       data     extern C:\MCC18\v3_39\src\traditional\proc\p18F25K80.asm
             ECCP1DELbits   0x000fbe       data     extern C:\MCC18\v3_39\src\traditional\proc\p18F25K80.asm
                 ECCP2CON   0x000f50       data     extern C:\MCC18\v3_39\src\traditional\proc\p18F25K80.asm
             ECCP2CONbits   0x000f50       data     extern C:\MCC18\v3_39\src\traditional\proc\p18F25K80.asm
                    EEADR   0x000f74       data     extern C:\MCC18\v3_39\src\traditional\proc\p18F25K80.asm
                   EEADRH   0x000f75       data     extern C:\MCC18\v3_39\src\traditional\proc\p18F25K80.asm
                   EECON1   0x000f7f       data     extern C:\MCC18\v3_39\src\traditional\proc\p18F25K80.asm
               EECON1bits   0x000f7f       data     extern C:\MCC18\v3_39\src\traditional\proc\p18F25K80.asm
                   EECON2   0x000f7e       data     extern C:\MCC18\v3_39\src\traditional\proc\p18F25K80.asm
                   EEDATA   0x000f73       data     extern C:\MCC18\v3_39\src\traditional\proc\p18F25K80.asm
                     FSR0   0x000fe9       data     extern C:\MCC18\v3_39\src\traditional\proc\p18F25K80.asm
                    FSR0H   0x000fea       data     extern C:\MCC18\v3_39\src\traditional\proc\p18F25K80.asm
                FSR0Hbits   0x000fea       data     extern C:\MCC18\v3_39\src\traditional\proc\p18F25K80.asm
                    FSR0L   0x000fe9       data     extern C:\MCC18\v3_39\src\traditional\proc\p18F25K80.asm
                     FSR1   0x000fe1       data     extern C:\MCC18\v3_39\src\traditional\proc\p18F25K80.asm
                    FSR1H   0x000fe2       data     extern C:\MCC18\v3_39\src\traditional\proc\p18F25K80.asm
                FSR1Hbits   0x000fe2       data     extern C:\MCC18\v3_39\src\traditional\proc\p18F25K80.asm
                    FSR1L   0x000fe1       data     extern C:\MCC18\v3_39\src\traditional\proc\p18F25K80.asm
                     FSR2   0x000fd9       data     extern C:\MCC18\v3_39\src\traditional\proc\p18F25K80.asm
                    FSR2H   0x000fda       data     extern C:\MCC18\v3_39\src\traditional\proc\p18F25K80.asm
                FSR2Hbits   0x000fda       data     extern C:\MCC18\v3_39\src\traditional\proc\p18F25K80.asm
                    FSR2L   0x000fd9       data     extern C:\MCC18\v3_39\src\traditional\proc\p18F25K80.asm
                  HLVDCON   0x000fa8       data     extern C:\MCC18\v3_39\src\traditional\proc\p18F25K80.asm
              HLVDCONbits   0x000fa8       data     extern C:\MCC18\v3_39\src\traditional\proc\p18F25K80.asm
                    INDF0   0x000fef       data     extern C:\MCC18\v3_39\src\traditional\proc\p18F25K80.asm
                    INDF1   0x000fe7       data     extern C:\MCC18\v3_39\src\traditional\proc\p18F25K80.asm
                    INDF2   0x000fdf       data     extern C:\MCC18\v3_39\src\traditional\proc\p18F25K80.asm
                   INTCON   0x000ff2       data     extern C:\MCC18\v3_39\src\traditional\proc\p18F25K80.asm
                  INTCON1   0x000ff2       data     extern C:\MCC18\v3_39\src\traditional\proc\p18F25K80.asm
              INTCON1bits   0x000ff2       data     extern C:\MCC18\v3_39\src\traditional\proc\p18F25K80.asm
                  INTCON2   0x000ff1       data     extern C:\MCC18\v3_39\src\traditional\proc\p18F25K80.asm
              INTCON2bits   0x000ff1       data     extern C:\MCC18\v3_39\src\traditional\proc\p18F25K80.asm
                  INTCON3   0x000ff0       data     extern C:\MCC18\v3_39\src\traditional\proc\p18F25K80.asm
              INTCON3bits   0x000ff0       data     extern C:\MCC18\v3_39\src\traditional\proc\p18F25K80.asm
               INTCONbits   0x000ff2       data     extern C:\MCC18\v3_39\src\traditional\proc\p18F25K80.asm
                     IOCB   0x000f5a       data     extern C:\MCC18\v3_39\src\traditional\proc\p18F25K80.asm
                 IOCBbits   0x000f5a       data     extern C:\MCC18\v3_39\src\traditional\proc\p18F25K80.asm
                     IPR1   0x000f9f       data     extern C:\MCC18\v3_39\src\traditional\proc\p18F25K80.asm
                 IPR1bits   0x000f9f       data     extern C:\MCC18\v3_39\src\traditional\proc\p18F25K80.asm
                     IPR2   0x000fa2       data     extern C:\MCC18\v3_39\src\traditional\proc\p18F25K80.asm
                 IPR2bits   0x000fa2       data     extern C:\MCC18\v3_39\src\traditional\proc\p18F25K80.asm
                     IPR3   0x000fa5       data     extern C:\MCC18\v3_39\src\traditional\proc\p18F25K80.asm
                 IPR3bits   0x000fa5       data     extern C:\MCC18\v3_39\src\traditional\proc\p18F25K80.asm
                     IPR4   0x000fb8       data     extern C:\MCC18\v3_39\src\traditional\proc\p18F25K80.asm
                 IPR4bits   0x000fb8       data     extern C:\MCC18\v3_39\src\traditional\proc\p18F25K80.asm
                     IPR5   0x000f78       data     extern C:\MCC18\v3_39\src\traditional\proc\p18F25K80.asm
                 IPR5bits   0x000f78       data     extern C:\MCC18\v3_39\src\traditional\proc\p18F25K80.asm
                     LATA   0x000f89       data     extern C:\MCC18\v3_39\src\traditional\proc\p18F25K80.asm
                 LATAbits   0x000f89       data     extern C:\MCC18\v3_39\src\traditional\proc\p18F25K80.asm
                     LATB   0x000f8a       data     extern C:\MCC18\v3_39\src\traditional\proc\p18F25K80.asm
                 LATBbits   0x000f8a       data     extern C:\MCC18\v3_39\src\traditional\proc\p18F25K80.asm
                     LATC   0x000f8b       data     extern C:\MCC18\v3_39\src\traditional\proc\p18F25K80.asm
                 LATCbits   0x000f8b       data     extern C:\MCC18\v3_39\src\traditional\proc\p18F25K80.asm
                    MSEL0   0x000e79       data     extern C:\MCC18\v3_39\src\traditional\proc\p18F25K80.asm
                MSEL0bits   0x000e79       data     extern C:\MCC18\v3_39\src\traditional\proc\p18F25K80.asm
                    MSEL1   0x000e7a       data     extern C:\MCC18\v3_39\src\traditional\proc\p18F25K80.asm
                MSEL1bits   0x000e7a       data     extern C:\MCC18\v3_39\src\traditional\proc\p18F25K80.asm
                    MSEL2   0x000e7b       data     extern C:\MCC18\v3_39\src\traditional\proc\p18F25K80.asm
                MSEL2bits   0x000e7b       data     extern C:\MCC18\v3_39\src\traditional\proc\p18F25K80.asm
                    MSEL3   0x000e7c       data     extern C:\MCC18\v3_39\src\traditional\proc\p18F25K80.asm
                MSEL3bits   0x000e7c       data     extern C:\MCC18\v3_39\src\traditional\proc\p18F25K80.asm
                    ODCON   0x000f91       data     extern C:\MCC18\v3_39\src\traditional\proc\p18F25K80.asm
                ODCONbits   0x000f91       data     extern C:\MCC18\v3_39\src\traditional\proc\p18F25K80.asm
                   OSCCON   0x000fd3       data     extern C:\MCC18\v3_39\src\traditional\proc\p18F25K80.asm
                  OSCCON2   0x000fd2       data     extern C:\MCC18\v3_39\src\traditional\proc\p18F25K80.asm
              OSCCON2bits   0x000fd2       data     extern C:\MCC18\v3_39\src\traditional\proc\p18F25K80.asm
               OSCCONbits   0x000fd3       data     extern C:\MCC18\v3_39\src\traditional\proc\p18F25K80.asm
                  OSCTUNE   0x000f9b       data     extern C:\MCC18\v3_39\src\traditional\proc\p18F25K80.asm
              OSCTUNEbits   0x000f9b       data     extern C:\MCC18\v3_39\src\traditional\proc\p18F25K80.asm
                  PADCFG1   0x000f56       data     extern C:\MCC18\v3_39\src\traditional\proc\p18F25K80.asm
              PADCFG1bits   0x000f56       data     extern C:\MCC18\v3_39\src\traditional\proc\p18F25K80.asm
                       PC   0x000ff9       data     extern C:\MCC18\v3_39\src\traditional\proc\p18F25K80.asm
                      PCL   0x000ff9       data     extern C:\MCC18\v3_39\src\traditional\proc\p18F25K80.asm
                   PCLATH   0x000ffa       data     extern C:\MCC18\v3_39\src\traditional\proc\p18F25K80.asm
                   PCLATU   0x000ffb       data     extern C:\MCC18\v3_39\src\traditional\proc\p18F25K80.asm
               PCLATUbits   0x000ffb       data     extern C:\MCC18\v3_39\src\traditional\proc\p18F25K80.asm
                     PIE1   0x000f9d       data     extern C:\MCC18\v3_39\src\traditional\proc\p18F25K80.asm
                 PIE1bits   0x000f9d       data     extern C:\MCC18\v3_39\src\traditional\proc\p18F25K80.asm
                     PIE2   0x000fa0       data     extern C:\MCC18\v3_39\src\traditional\proc\p18F25K80.asm
                 PIE2bits   0x000fa0       data     extern C:\MCC18\v3_39\src\traditional\proc\p18F25K80.asm
                     PIE3   0x000fa3       data     extern C:\MCC18\v3_39\src\traditional\proc\p18F25K80.asm
                 PIE3bits   0x000fa3       data     extern C:\MCC18\v3_39\src\traditional\proc\p18F25K80.asm
                     PIE4   0x000fb6       data     extern C:\MCC18\v3_39\src\traditional\proc\p18F25K80.asm
                 PIE4bits   0x000fb6       data     extern C:\MCC18\v3_39\src\traditional\proc\p18F25K80.asm
                     PIE5   0x000f76       data     extern C:\MCC18\v3_39\src\traditional\proc\p18F25K80.asm
                 PIE5bits   0x000f76       data     extern C:\MCC18\v3_39\src\traditional\proc\p18F25K80.asm
                     PIR1   0x000f9e       data     extern C:\MCC18\v3_39\src\traditional\proc\p18F25K80.asm
                 PIR1bits   0x000f9e       data     extern C:\MCC18\v3_39\src\traditional\proc\p18F25K80.asm
                     PIR2   0x000fa1       data     extern C:\MCC18\v3_39\src\traditional\proc\p18F25K80.asm
                 PIR2bits   0x000fa1       data     extern C:\MCC18\v3_39\src\traditional\proc\p18F25K80.asm
                     PIR3   0x000fa4       data     extern C:\MCC18\v3_39\src\traditional\proc\p18F25K80.asm
                 PIR3bits   0x000fa4       data     extern C:\MCC18\v3_39\src\traditional\proc\p18F25K80.asm
                     PIR4   0x000fb7       data     extern C:\MCC18\v3_39\src\traditional\proc\p18F25K80.asm
                 PIR4bits   0x000fb7       data     extern C:\MCC18\v3_39\src\traditional\proc\p18F25K80.asm
                     PIR5   0x000f77       data     extern C:\MCC18\v3_39\src\traditional\proc\p18F25K80.asm
                 PIR5bits   0x000f77       data     extern C:\MCC18\v3_39\src\traditional\proc\p18F25K80.asm
                   PLUSW0   0x000feb       data     extern C:\MCC18\v3_39\src\traditional\proc\p18F25K80.asm
                   PLUSW1   0x000fe3       data     extern C:\MCC18\v3_39\src\traditional\proc\p18F25K80.asm
                   PLUSW2   0x000fdb       data     extern C:\MCC18\v3_39\src\traditional\proc\p18F25K80.asm
                     PMD0   0x000f59       data     extern C:\MCC18\v3_39\src\traditional\proc\p18F25K80.asm
                 PMD0bits   0x000f59       data     extern C:\MCC18\v3_39\src\traditional\proc\p18F25K80.asm
                     PMD1   0x000f58       data     extern C:\MCC18\v3_39\src\traditional\proc\p18F25K80.asm
                 PMD1bits   0x000f58       data     extern C:\MCC18\v3_39\src\traditional\proc\p18F25K80.asm
                     PMD2   0x000f57       data     extern C:\MCC18\v3_39\src\traditional\proc\p18F25K80.asm
                 PMD2bits   0x000f57       data     extern C:\MCC18\v3_39\src\traditional\proc\p18F25K80.asm
                    PORTA   0x000f80       data     extern C:\MCC18\v3_39\src\traditional\proc\p18F25K80.asm
                PORTAbits   0x000f80       data     extern C:\MCC18\v3_39\src\traditional\proc\p18F25K80.asm
                    PORTB   0x000f81       data     extern C:\MCC18\v3_39\src\traditional\proc\p18F25K80.asm
                PORTBbits   0x000f81       data     extern C:\MCC18\v3_39\src\traditional\proc\p18F25K80.asm
                    PORTC   0x000f82       data     extern C:\MCC18\v3_39\src\traditional\proc\p18F25K80.asm
                PORTCbits   0x000f82       data     extern C:\MCC18\v3_39\src\traditional\proc\p18F25K80.asm
                    PORTE   0x000f84       data     extern C:\MCC18\v3_39\src\traditional\proc\p18F25K80.asm
                PORTEbits   0x000f84       data     extern C:\MCC18\v3_39\src\traditional\proc\p18F25K80.asm
                 POSTDEC0   0x000fed       data     extern C:\MCC18\v3_39\src\traditional\proc\p18F25K80.asm
                 POSTDEC1   0x000fe5       data     extern C:\MCC18\v3_39\src\traditional\proc\p18F25K80.asm
                 POSTDEC2   0x000fdd       data     extern C:\MCC18\v3_39\src\traditional\proc\p18F25K80.asm
                 POSTINC0   0x000fee       data     extern C:\MCC18\v3_39\src\traditional\proc\p18F25K80.asm
                 POSTINC1   0x000fe6       data     extern C:\MCC18\v3_39\src\traditional\proc\p18F25K80.asm
                 POSTINC2   0x000fde       data     extern C:\MCC18\v3_39\src\traditional\proc\p18F25K80.asm
                      PR2   0x000fcb       data     extern C:\MCC18\v3_39\src\traditional\proc\p18F25K80.asm
                      PR4   0x000fa9       data     extern C:\MCC18\v3_39\src\traditional\proc\p18F25K80.asm
                  PREINC0   0x000fec       data     extern C:\MCC18\v3_39\src\traditional\proc\p18F25K80.asm
                  PREINC1   0x000fe4       data     extern C:\MCC18\v3_39\src\traditional\proc\p18F25K80.asm
                  PREINC2   0x000fdc       data     extern C:\MCC18\v3_39\src\traditional\proc\p18F25K80.asm
                     PROD   0x000ff3       data     extern C:\MCC18\v3_39\src\traditional\proc\p18F25K80.asm
                    PRODH   0x000ff4       data     extern C:\MCC18\v3_39\src\traditional\proc\p18F25K80.asm
                    PRODL   0x000ff3       data     extern C:\MCC18\v3_39\src\traditional\proc\p18F25K80.asm
                 PSTR1CON   0x000f9c       data     extern C:\MCC18\v3_39\src\traditional\proc\p18F25K80.asm
             PSTR1CONbits   0x000f9c       data     extern C:\MCC18\v3_39\src\traditional\proc\p18F25K80.asm
                  PWM1CON   0x000fbe       data     extern C:\MCC18\v3_39\src\traditional\proc\p18F25K80.asm
              PWM1CONbits   0x000fbe       data     extern C:\MCC18\v3_39\src\traditional\proc\p18F25K80.asm
                     RCON   0x000fd0       data     extern C:\MCC18\v3_39\src\traditional\proc\p18F25K80.asm
                 RCONbits   0x000fd0       data     extern C:\MCC18\v3_39\src\traditional\proc\p18F25K80.asm
                    RCREG   0x000fae       data     extern C:\MCC18\v3_39\src\traditional\proc\p18F25K80.asm
                   RCREG1   0x000fae       data     extern C:\MCC18\v3_39\src\traditional\proc\p18F25K80.asm
                   RCREG2   0x000f7a       data     extern C:\MCC18\v3_39\src\traditional\proc\p18F25K80.asm
                    RCSTA   0x000fab       data     extern C:\MCC18\v3_39\src\traditional\proc\p18F25K80.asm
                   RCSTA1   0x000fab       data     extern C:\MCC18\v3_39\src\traditional\proc\p18F25K80.asm
               RCSTA1bits   0x000fab       data     extern C:\MCC18\v3_39\src\traditional\proc\p18F25K80.asm
                   RCSTA2   0x000fa6       data     extern C:\MCC18\v3_39\src\traditional\proc\p18F25K80.asm
               RCSTA2bits   0x000fa6       data     extern C:\MCC18\v3_39\src\traditional\proc\p18F25K80.asm
                RCSTAbits   0x000fab       data     extern C:\MCC18\v3_39\src\traditional\proc\p18F25K80.asm
                  REFOCON   0x000f9a       data     extern C:\MCC18\v3_39\src\traditional\proc\p18F25K80.asm
              REFOCONbits   0x000f9a       data     extern C:\MCC18\v3_39\src\traditional\proc\p18F25K80.asm
                  RXB0CON   0x000f60       data     extern C:\MCC18\v3_39\src\traditional\proc\p18F25K80.asm
              RXB0CONbits   0x000f60       data     extern C:\MCC18\v3_39\src\traditional\proc\p18F25K80.asm
                   RXB0D0   0x000f66       data     extern C:\MCC18\v3_39\src\traditional\proc\p18F25K80.asm
               RXB0D0bits   0x000f66       data     extern C:\MCC18\v3_39\src\traditional\proc\p18F25K80.asm
                   RXB0D1   0x000f67       data     extern C:\MCC18\v3_39\src\traditional\proc\p18F25K80.asm
               RXB0D1bits   0x000f67       data     extern C:\MCC18\v3_39\src\traditional\proc\p18F25K80.asm
                   RXB0D2   0x000f68       data     extern C:\MCC18\v3_39\src\traditional\proc\p18F25K80.asm
               RXB0D2bits   0x000f68       data     extern C:\MCC18\v3_39\src\traditional\proc\p18F25K80.asm
                   RXB0D3   0x000f69       data     extern C:\MCC18\v3_39\src\traditional\proc\p18F25K80.asm
               RXB0D3bits   0x000f69       data     extern C:\MCC18\v3_39\src\traditional\proc\p18F25K80.asm
                   RXB0D4   0x000f6a       data     extern C:\MCC18\v3_39\src\traditional\proc\p18F25K80.asm
               RXB0D4bits   0x000f6a       data     extern C:\MCC18\v3_39\src\traditional\proc\p18F25K80.asm
                   RXB0D5   0x000f6b       data     extern C:\MCC18\v3_39\src\traditional\proc\p18F25K80.asm
               RXB0D5bits   0x000f6b       data     extern C:\MCC18\v3_39\src\traditional\proc\p18F25K80.asm
                   RXB0D6   0x000f6c       data     extern C:\MCC18\v3_39\src\traditional\proc\p18F25K80.asm
               RXB0D6bits   0x000f6c       data     extern C:\MCC18\v3_39\src\traditional\proc\p18F25K80.asm
                   RXB0D7   0x000f6d       data     extern C:\MCC18\v3_39\src\traditional\proc\p18F25K80.asm
               RXB0D7bits   0x000f6d       data     extern C:\MCC18\v3_39\src\traditional\proc\p18F25K80.asm
                  RXB0DLC   0x000f65       data     extern C:\MCC18\v3_39\src\traditional\proc\p18F25K80.asm
              RXB0DLCbits   0x000f65       data     extern C:\MCC18\v3_39\src\traditional\proc\p18F25K80.asm
                 RXB0EIDH   0x000f63       data     extern C:\MCC18\v3_39\src\traditional\proc\p18F25K80.asm
             RXB0EIDHbits   0x000f63       data     extern C:\MCC18\v3_39\src\traditional\proc\p18F25K80.asm
                 RXB0EIDL   0x000f64       data     extern C:\MCC18\v3_39\src\traditional\proc\p18F25K80.asm
             RXB0EIDLbits   0x000f64       data     extern C:\MCC18\v3_39\src\traditional\proc\p18F25K80.asm
                 RXB0SIDH   0x000f61       data     extern C:\MCC18\v3_39\src\traditional\proc\p18F25K80.asm
             RXB0SIDHbits   0x000f61       data     extern C:\MCC18\v3_39\src\traditional\proc\p18F25K80.asm
                 RXB0SIDL   0x000f62       data     extern C:\MCC18\v3_39\src\traditional\proc\p18F25K80.asm
[...]
              CCPTMRSbits   0x000f99       data     extern C:\MCC18\v3_39\src\traditional\proc\p18F25K80.asm
                  CCPTMRS   0x000f99       data     extern C:\MCC18\v3_39\src\traditional\proc\p18F25K80.asm
                  REFOCON   0x000f9a       data     extern C:\MCC18\v3_39\src\traditional\proc\p18F25K80.asm
              REFOCONbits   0x000f9a       data     extern C:\MCC18\v3_39\src\traditional\proc\p18F25K80.asm
              OSCTUNEbits   0x000f9b       data     extern C:\MCC18\v3_39\src\traditional\proc\p18F25K80.asm
                  OSCTUNE   0x000f9b       data     extern C:\MCC18\v3_39\src\traditional\proc\p18F25K80.asm
                 PSTR1CON   0x000f9c       data     extern C:\MCC18\v3_39\src\traditional\proc\p18F25K80.asm
             PSTR1CONbits   0x000f9c       data     extern C:\MCC18\v3_39\src\traditional\proc\p18F25K80.asm
                 PIE1bits   0x000f9d       data     extern C:\MCC18\v3_39\src\traditional\proc\p18F25K80.asm
                     PIE1   0x000f9d       data     extern C:\MCC18\v3_39\src\traditional\proc\p18F25K80.asm
                 PIR1bits   0x000f9e       data     extern C:\MCC18\v3_39\src\traditional\proc\p18F25K80.asm
                     PIR1   0x000f9e       data     extern C:\MCC18\v3_39\src\traditional\proc\p18F25K80.asm
                     IPR1   0x000f9f       data     extern C:\MCC18\v3_39\src\traditional\proc\p18F25K80.asm
                 IPR1bits   0x000f9f       data     extern C:\MCC18\v3_39\src\traditional\proc\p18F25K80.asm
                     PIE2   0x000fa0       data     extern C:\MCC18\v3_39\src\traditional\proc\p18F25K80.asm
                 PIE2bits   0x000fa0       data     extern C:\MCC18\v3_39\src\traditional\proc\p18F25K80.asm
                     PIR2   0x000fa1       data     extern C:\MCC18\v3_39\src\traditional\proc\p18F25K80.asm
                 PIR2bits   0x000fa1       data     extern C:\MCC18\v3_39\src\traditional\proc\p18F25K80.asm
                     IPR2   0x000fa2       data     extern C:\MCC18\v3_39\src\traditional\proc\p18F25K80.asm
                 IPR2bits   0x000fa2       data     extern C:\MCC18\v3_39\src\traditional\proc\p18F25K80.asm
                     PIE3   0x000fa3       data     extern C:\MCC18\v3_39\src\traditional\proc\p18F25K80.asm
                 PIE3bits   0x000fa3       data     extern C:\MCC18\v3_39\src\traditional\proc\p18F25K80.asm
                 PIR3bits   0x000fa4       data     extern C:\MCC18\v3_39\src\traditional\proc\p18F25K80.asm
                     PIR3   0x000fa4       data     extern C:\MCC18\v3_39\src\traditional\proc\p18F25K80.asm
                 IPR3bits   0x000fa5       data     extern C:\MCC18\v3_39\src\traditional\proc\p18F25K80.asm
                     IPR3   0x000fa5       data     extern C:\MCC18\v3_39\src\traditional\proc\p18F25K80.asm
                   RCSTA2   0x000fa6       data     extern C:\MCC18\v3_39\src\traditional\proc\p18F25K80.asm
               RCSTA2bits   0x000fa6       data     extern C:\MCC18\v3_39\src\traditional\proc\p18F25K80.asm
             BAUDCON1bits   0x000fa7       data     extern C:\MCC18\v3_39\src\traditional\proc\p18F25K80.asm
                 BAUDCON1   0x000fa7       data     extern C:\MCC18\v3_39\src\traditional\proc\p18F25K80.asm
              HLVDCONbits   0x000fa8       data     extern C:\MCC18\v3_39\src\traditional\proc\p18F25K80.asm
                  HLVDCON   0x000fa8       data     extern C:\MCC18\v3_39\src\traditional\proc\p18F25K80.asm
                      PR4   0x000fa9       data     extern C:\MCC18\v3_39\src\traditional\proc\p18F25K80.asm
               T1GCONbits   0x000faa       data     extern C:\MCC18\v3_39\src\traditional\proc\p18F25K80.asm
                   T1GCON   0x000faa       data     extern C:\MCC18\v3_39\src\traditional\proc\p18F25K80.asm
                RCSTAbits   0x000fab       data     extern C:\MCC18\v3_39\src\traditional\proc\p18F25K80.asm
                    RCSTA   0x000fab       data     extern C:\MCC18\v3_39\src\traditional\proc\p18F25K80.asm
                   RCSTA1   0x000fab       data     extern C:\MCC18\v3_39\src\traditional\proc\p18F25K80.asm
               RCSTA1bits   0x000fab       data     extern C:\MCC18\v3_39\src\traditional\proc\p18F25K80.asm
                    TXSTA   0x000fac       data     extern C:\MCC18\v3_39\src\traditional\proc\p18F25K80.asm
                   TXSTA1   0x000fac       data     extern C:\MCC18\v3_39\src\traditional\proc\p18F25K80.asm
               TXSTA1bits   0x000fac       data     extern C:\MCC18\v3_39\src\traditional\proc\p18F25K80.asm
                TXSTAbits   0x000fac       data     extern C:\MCC18\v3_39\src\traditional\proc\p18F25K80.asm
                    TXREG   0x000fad       data     extern C:\MCC18\v3_39\src\traditional\proc\p18F25K80.asm
                   TXREG1   0x000fad       data     extern C:\MCC18\v3_39\src\traditional\proc\p18F25K80.asm
                   RCREG1   0x000fae       data     extern C:\MCC18\v3_39\src\traditional\proc\p18F25K80.asm
                    RCREG   0x000fae       data     extern C:\MCC18\v3_39\src\traditional\proc\p18F25K80.asm
                    SPBRG   0x000faf       data     extern C:\MCC18\v3_39\src\traditional\proc\p18F25K80.asm
                   SPBRG1   0x000faf       data     extern C:\MCC18\v3_39\src\traditional\proc\p18F25K80.asm
                   T3GCON   0x000fb0       data     extern C:\MCC18\v3_39\src\traditional\proc\p18F25K80.asm
               T3GCONbits   0x000fb0       data     extern C:\MCC18\v3_39\src\traditional\proc\p18F25K80.asm
                T3CONbits   0x000fb1       data     extern C:\MCC18\v3_39\src\traditional\proc\p18F25K80.asm
                    T3CON   0x000fb1       data     extern C:\MCC18\v3_39\src\traditional\proc\p18F25K80.asm
                    TMR3L   0x000fb2       data     extern C:\MCC18\v3_39\src\traditional\proc\p18F25K80.asm
                    TMR3H   0x000fb3       data     extern C:\MCC18\v3_39\src\traditional\proc\p18F25K80.asm
               CMSTATbits   0x000fb4       data     extern C:\MCC18\v3_39\src\traditional\proc\p18F25K80.asm
             CMSTATUSbits   0x000fb4       data     extern C:\MCC18\v3_39\src\traditional\proc\p18F25K80.asm
                 CMSTATUS   0x000fb4       data     extern C:\MCC18\v3_39\src\traditional\proc\p18F25K80.asm
                   CMSTAT   0x000fb4       data     extern C:\MCC18\v3_39\src\traditional\proc\p18F25K80.asm
               CVRCONbits   0x000fb5       data     extern C:\MCC18\v3_39\src\traditional\proc\p18F25K80.asm
                   CVRCON   0x000fb5       data     extern C:\MCC18\v3_39\src\traditional\proc\p18F25K80.asm
                     PIE4   0x000fb6       data     extern C:\MCC18\v3_39\src\traditional\proc\p18F25K80.asm
                 PIE4bits   0x000fb6       data     extern C:\MCC18\v3_39\src\traditional\proc\p18F25K80.asm
                 PIR4bits   0x000fb7       data     extern C:\MCC18\v3_39\src\traditional\proc\p18F25K80.asm
                     PIR4   0x000fb7       data     extern C:\MCC18\v3_39\src\traditional\proc\p18F25K80.asm
                 IPR4bits   0x000fb8       data     extern C:\MCC18\v3_39\src\traditional\proc\p18F25K80.asm
                     IPR4   0x000fb8       data     extern C:\MCC18\v3_39\src\traditional\proc\p18F25K80.asm
                 BAUDCON2   0x000fb9       data     extern C:\MCC18\v3_39\src\traditional\proc\p18F25K80.asm
             BAUDCON2bits   0x000fb9       data     extern C:\MCC18\v3_39\src\traditional\proc\p18F25K80.asm
               TXSTA2bits   0x000fba       data     extern C:\MCC18\v3_39\src\traditional\proc\p18F25K80.asm
                   TXSTA2   0x000fba       data     extern C:\MCC18\v3_39\src\traditional\proc\p18F25K80.asm
              CCP1CONbits   0x000fbb       data     extern C:\MCC18\v3_39\src\traditional\proc\p18F25K80.asm
                  CCP1CON   0x000fbb       data     extern C:\MCC18\v3_39\src\traditional\proc\p18F25K80.asm
             ECCP1CONbits   0x000fbb       data     extern C:\MCC18\v3_39\src\traditional\proc\p18F25K80.asm
                 ECCP1CON   0x000fbb       data     extern C:\MCC18\v3_39\src\traditional\proc\p18F25K80.asm
                    CCPR1   0x000fbc       data     extern C:\MCC18\v3_39\src\traditional\proc\p18F25K80.asm
                   CCPR1L   0x000fbc       data     extern C:\MCC18\v3_39\src\traditional\proc\p18F25K80.asm
                   CCPR1H   0x000fbd       data     extern C:\MCC18\v3_39\src\traditional\proc\p18F25K80.asm
             ECCP1DELbits   0x000fbe       data     extern C:\MCC18\v3_39\src\traditional\proc\p18F25K80.asm
                 ECCP1DEL   0x000fbe       data     extern C:\MCC18\v3_39\src\traditional\proc\p18F25K80.asm
                  PWM1CON   0x000fbe       data     extern C:\MCC18\v3_39\src\traditional\proc\p18F25K80.asm
              PWM1CONbits   0x000fbe       data     extern C:\MCC18\v3_39\src\traditional\proc\p18F25K80.asm
                  ECCP1AS   0x000fbf       data     extern C:\MCC18\v3_39\src\traditional\proc\p18F25K80.asm
              ECCP1ASbits   0x000fbf       data     extern C:\MCC18\v3_39\src\traditional\proc\p18F25K80.asm
                   ADCON2   0x000fc0       data     extern C:\MCC18\v3_39\src\traditional\proc\p18F25K80.asm
               ADCON2bits   0x000fc0       data     extern C:\MCC18\v3_39\src\traditional\proc\p18F25K80.asm
                   ADCON1   0x000fc1       data     extern C:\MCC18\v3_39\src\traditional\proc\p18F25K80.asm
               ADCON1bits   0x000fc1       data     extern C:\MCC18\v3_39\src\traditional\proc\p18F25K80.asm
               ADCON0bits   0x000fc2       data     extern C:\MCC18\v3_39\src\traditional\proc\p18F25K80.asm
                   ADCON0   0x000fc2       data     extern C:\MCC18\v3_39\src\traditional\proc\p18F25K80.asm
                    ADRES   0x000fc3       data     extern C:\MCC18\v3_39\src\traditional\proc\p18F25K80.asm
                   ADRESL   0x000fc3       data     extern C:\MCC18\v3_39\src\traditional\proc\p18F25K80.asm
                   ADRESH   0x000fc4       data     extern C:\MCC18\v3_39\src\traditional\proc\p18F25K80.asm
                  SSPCON2   0x000fc5       data     extern C:\MCC18\v3_39\src\traditional\proc\p18F25K80.asm
              SSPCON2bits   0x000fc5       data     extern C:\MCC18\v3_39\src\traditional\proc\p18F25K80.asm
                  SSPCON1   0x000fc6       data     extern C:\MCC18\v3_39\src\traditional\proc\p18F25K80.asm
              SSPCON1bits   0x000fc6       data     extern C:\MCC18\v3_39\src\traditional\proc\p18F25K80.asm
              SSPSTATbits   0x000fc7       data     extern C:\MCC18\v3_39\src\traditional\proc\p18F25K80.asm
                  SSPSTAT   0x000fc7       data     extern C:\MCC18\v3_39\src\traditional\proc\p18F25K80.asm
                   SSPADD   0x000fc8       data     extern C:\MCC18\v3_39\src\traditional\proc\p18F25K80.asm
               SSPADDbits   0x000fc8       data     extern C:\MCC18\v3_39\src\traditional\proc\p18F25K80.asm
                   SSPBUF   0x000fc9       data     extern C:\MCC18\v3_39\src\traditional\proc\p18F25K80.asm
                T2CONbits   0x000fca       data     extern C:\MCC18\v3_39\src\traditional\proc\p18F25K80.asm
                    T2CON   0x000fca       data     extern C:\MCC18\v3_39\src\traditional\proc\p18F25K80.asm
                      PR2   0x000fcb       data     extern C:\MCC18\v3_39\src\traditional\proc\p18F25K80.asm
                     TMR2   0x000fcc       data     extern C:\MCC18\v3_39\src\traditional\proc\p18F25K80.asm
                    T1CON   0x000fcd       data     extern C:\MCC18\v3_39\src\traditional\proc\p18F25K80.asm
                T1CONbits   0x000fcd       data     extern C:\MCC18\v3_39\src\traditional\proc\p18F25K80.asm
                    TMR1L   0x000fce       data     extern C:\MCC18\v3_39\src\traditional\proc\p18F25K80.asm
                    TMR1H   0x000fcf       data     extern C:\MCC18\v3_39\src\traditional\proc\p18F25K80.asm
                 RCONbits   0x000fd0       data     extern C:\MCC18\v3_39\src\traditional\proc\p18F25K80.asm
                     RCON   0x000fd0       data     extern C:\MCC18\v3_39\src\traditional\proc\p18F25K80.asm
                   WDTCON   0x000fd1       data     extern C:\MCC18\v3_39\src\traditional\proc\p18F25K80.asm
               WDTCONbits   0x000fd1       data     extern C:\MCC18\v3_39\src\traditional\proc\p18F25K80.asm
              OSCCON2bits   0x000fd2       data     extern C:\MCC18\v3_39\src\traditional\proc\p18F25K80.asm
                  OSCCON2   0x000fd2       data     extern C:\MCC18\v3_39\src\traditional\proc\p18F25K80.asm
               OSCCONbits   0x000fd3       data     extern C:\MCC18\v3_39\src\traditional\proc\p18F25K80.asm
                   OSCCON   0x000fd3       data     extern C:\MCC18\v3_39\src\traditional\proc\p18F25K80.asm
                T0CONbits   0x000fd5       data     extern C:\MCC18\v3_39\src\traditional\proc\p18F25K80.asm
                    T0CON   0x000fd5       data     extern C:\MCC18\v3_39\src\traditional\proc\p18F25K80.asm
                    TMR0L   0x000fd6       data     extern C:\MCC18\v3_39\src\traditional\proc\p18F25K80.asm
                    TMR0H   0x000fd7       data     extern C:\MCC18\v3_39\src\traditional\proc\p18F25K80.asm
               STATUSbits   0x000fd8       data     extern C:\MCC18\v3_39\src\traditional\proc\p18F25K80.asm
                   STATUS   0x000fd8       data     extern C:\MCC18\v3_39\src\traditional\proc\p18F25K80.asm
                     FSR2   0x000fd9       data     extern C:\MCC18\v3_39\src\traditional\proc\p18F25K80.asm
                    FSR2L   0x000fd9       data     extern C:\MCC18\v3_39\src\traditional\proc\p18F25K80.asm
                FSR2Hbits   0x000fda       data     extern C:\MCC18\v3_39\src\traditional\proc\p18F25K80.asm
                    FSR2H   0x000fda       data     extern C:\MCC18\v3_39\src\traditional\proc\p18F25K80.asm
                   PLUSW2   0x000fdb       data     extern C:\MCC18\v3_39\src\traditional\proc\p18F25K80.asm
                  PREINC2   0x000fdc       data     extern C:\MCC18\v3_39\src\traditional\proc\p18F25K80.asm
                 POSTDEC2   0x000fdd       data     extern C:\MCC18\v3_39\src\traditional\proc\p18F25K80.asm
                 POSTINC2   0x000fde       data     extern C:\MCC18\v3_39\src\traditional\proc\p18F25K80.asm
                    INDF2   0x000fdf       data     extern C:\MCC18\v3_39\src\traditional\proc\p18F25K80.asm
                      BSR   0x000fe0       data     extern C:\MCC18\v3_39\src\traditional\proc\p18F25K80.asm
                  BSRbits   0x000fe0       data     extern C:\MCC18\v3_39\src\traditional\proc\p18F25K80.asm
                    FSR1L   0x000fe1       data     extern C:\MCC18\v3_39\src\traditional\proc\p18F25K80.asm
                     FSR1   0x000fe1       data     extern C:\MCC18\v3_39\src\traditional\proc\p18F25K80.asm
                    FSR1H   0x000fe2       data     extern C:\MCC18\v3_39\src\traditional\proc\p18F25K80.asm
                FSR1Hbits   0x000fe2       data     extern C:\MCC18\v3_39\src\traditional\proc\p18F25K80.asm
                   PLUSW1   0x000fe3       data     extern C:\MCC18\v3_39\src\traditional\proc\p18F25K80.asm
                  PREINC1   0x000fe4       data     extern C:\MCC18\v3_39\src\traditional\proc\p18F25K80.asm
                 POSTDEC1   0x000fe5       data     extern C:\MCC18\v3_39\src\traditional\proc\p18F25K80.asm
                 POSTINC1   0x000fe6       data     extern C:\MCC18\v3_39\src\traditional\proc\p18F25K80.asm
                    INDF1   0x000fe7       data     extern C:\MCC18\v3_39\src\traditional\proc\p18F25K80.asm
                     WREG   0x000fe8       data     extern C:\MCC18\v3_39\src\traditional\proc\p18F25K80.asm
                     FSR0   0x000fe9       data     extern C:\MCC18\v3_39\src\traditional\proc\p18F25K80.asm
                    FSR0L   0x000fe9       data     extern C:\MCC18\v3_39\src\traditional\proc\p18F25K80.asm
                    FSR0H   0x000fea       data     extern C:\MCC18\v3_39\src\traditional\proc\p18F25K80.asm
                FSR0Hbits   0x000fea       data     extern C:\MCC18\v3_39\src\traditional\proc\p18F25K80.asm
                   PLUSW0   0x000feb       data     extern C:\MCC18\v3_39\src\traditional\proc\p18F25K80.asm
                  PREINC0   0x000fec       data     extern C:\MCC18\v3_39\src\traditional\proc\p18F25K80.asm
                 POSTDEC0   0x000fed       data     extern C:\MCC18\v3_39\src\traditional\proc\p18F25K80.asm
                 POSTINC0   0x000fee       data     extern C:\MCC18\v3_39\src\traditional\proc\p18F25K80.asm
                    INDF0   0x000fef       data     extern C:\MCC18\v3_39\src\traditional\proc\p18F25K80.asm
                  INTCON3   0x000ff0       data     extern C:\MCC18\v3_39\src\traditional\proc\p18F25K80.asm
              INTCON3bits   0x000ff0       data     extern C:\MCC18\v3_39\src\traditional\proc\p18F25K80.asm
                  INTCON2   0x000ff1       data     extern C:\MCC18\v3_39\src\traditional\proc\p18F25K80.asm
              INTCON2bits   0x000ff1       data     extern C:\MCC18\v3_39\src\traditional\proc\p18F25K80.asm
                   INTCON   0x000ff2       data     extern C:\MCC18\v3_39\src\traditional\proc\p18F25K80.asm
                  INTCON1   0x000ff2       data     extern C:\MCC18\v3_39\src\traditional\proc\p18F25K80.asm
              INTCON1bits   0x000ff2       data     extern C:\MCC18\v3_39\src\traditional\proc\p18F25K80.asm
               INTCONbits   0x000ff2       data     extern C:\MCC18\v3_39\src\traditional\proc\p18F25K80.asm
                    PRODL   0x000ff3       data     extern C:\MCC18\v3_39\src\traditional\proc\p18F25K80.asm
                     PROD   0x000ff3       data     extern C:\MCC18\v3_39\src\traditional\proc\p18F25K80.asm
                    PRODH   0x000ff4       data     extern C:\MCC18\v3_39\src\traditional\proc\p18F25K80.asm
                   TABLAT   0x000ff5       data     extern C:\MCC18\v3_39\src\traditional\proc\p18F25K80.asm
                   TBLPTR   0x000ff6       data     extern C:\MCC18\v3_39\src\traditional\proc\p18F25K80.asm
                  TBLPTRL   0x000ff6       data     extern C:\MCC18\v3_39\src\traditional\proc\p18F25K80.asm
                  TBLPTRH   0x000ff7       data     extern C:\MCC18\v3_39\src\traditional\proc\p18F25K80.asm
                  TBLPTRU   0x000ff8       data     extern C:\MCC18\v3_39\src\traditional\proc\p18F25K80.asm
              TBLPTRUbits   0x000ff8       data     extern C:\MCC18\v3_39\src\traditional\proc\p18F25K80.asm
                      PCL   0x000ff9       data     extern C:\MCC18\v3_39\src\traditional\proc\p18F25K80.asm
                       PC   0x000ff9       data     extern C:\MCC18\v3_39\src\traditional\proc\p18F25K80.asm
                   PCLATH   0x000ffa       data     extern C:\MCC18\v3_39\src\traditional\proc\p18F25K80.asm
               PCLATUbits   0x000ffb       data     extern C:\MCC18\v3_39\src\traditional\proc\p18F25K80.asm
                   PCLATU   0x000ffb       data     extern C:\MCC18\v3_39\src\traditional\proc\p18F25K80.asm
               STKPTRbits   0x000ffc       data     extern C:\MCC18\v3_39\src\traditional\proc\p18F25K80.asm
                   STKPTR   0x000ffc       data     extern C:\MCC18\v3_39\src\traditional\proc\p18F25K80.asm
                     TOSL   0x000ffd       data     extern C:\MCC18\v3_39\src\traditional\proc\p18F25K80.asm
                      TOS   0x000ffd       data     extern C:\MCC18\v3_39\src\traditional\proc\p18F25K80.asm
                     TOSH   0x000ffe       data     extern C:\MCC18\v3_39\src\traditional\proc\p18F25K80.asm
                 TOSUbits   0x000fff       data     extern C:\MCC18\v3_39\src\traditional\proc\p18F25K80.asm
                     TOSU   0x000fff       data     extern C:\MCC18\v3_39\src\traditional\proc\p18F25K80.asm


